$ pnpm --filter @f01/web test
$ node --conditions=react-server --test tests/config.test.mjs tests/planning.test.mjs tests/projects.test.mjs tests/workspace.test.mjs tests/simulation.test.mjs tests/auth.test.mjs tests/real-build.test.mjs tests/releases.test.mjs
✔ production OIDC gateway never accepts claimed browser identity or forwards it (34.806291ms)
✔ context planning gateway accepts only frozen JSON intent and fixed routes (7.134625ms)
✔ missing or expired session returns no data and never falls back to development owner (1.044542ms)
✔ sign-in/callback use secure HttpOnly bound cookies and return no provider token (1.613ms)
✔ sign-out requires same-origin POST and revokes the server session before clearing cookies (0.708125ms)
✔ development identity cannot run in production (2.899667ms)
✔ known execution modes do not grant backend execution capabilities (1.389125ms)
✔ root configuration loads only selected web settings and preserves process overrides (1.819917ms)
✔ the proxy forwards only the trimmed idea and server credential to the fixed endpoint (45.926084ms)
✔ rejects cross-origin, missing-origin, and forged-host requests without calling the backend (12.283792ms)
✔ allows localhost on the configured loopback port (0.856584ms)
✔ binds the origin to the HTTP Host when Next normalizes the internal URL (1.277459ms)
✔ invalid configuration fails safely before a backend call (3.329ms)
✔ validates content type, bounded bodies, JSON and strict idea input before network access (4.441917ms)
✔ sanitizes AUTHENTICATION_REQUIRED without relaying upstream messages (0.881834ms)
✔ sanitizes PROVIDER_NOT_CONFIGURED without relaying upstream messages (0.396875ms)
✔ sanitizes PROVIDER_AUTHENTICATION_FAILED without relaying upstream messages (0.254458ms)
✔ sanitizes PROVIDER_QUOTA_EXCEEDED without relaying upstream messages (0.254166ms)
✔ sanitizes PROVIDER_RATE_LIMITED without relaying upstream messages (0.243208ms)
✔ sanitizes PROVIDER_TIMEOUT without relaying upstream messages (0.190834ms)
✔ sanitizes PROVIDER_UNAVAILABLE without relaying upstream messages (0.206166ms)
✔ sanitizes PROVIDER_REFUSED without relaying upstream messages (2.446833ms)
✔ sanitizes PROVIDER_INCOMPLETE_RESPONSE without relaying upstream messages (0.2235ms)
✔ sanitizes PROVIDER_ERROR without relaying upstream messages (0.199375ms)
✔ sanitizes INTERNAL_ERROR without relaying upstream messages (0.190834ms)
✔ sanitizes VALIDATION_ERROR without relaying upstream messages (0.171792ms)
✔ unknown upstream failures and thrown exceptions use static messages (0.557666ms)
✔ invalid, oversized and credential-bearing successful responses cannot reach the browser (2.002458ms)
✔ browser cancellation reaches the upstream signal with no retry (5.985333ms)
✔ generated client gateway forwards trimmed creation, stable key and private identity only (43.976834ms)
✔ creation accepts the real saved-project contract and rejects unsafe navigation (0.466792ms)
✔ list forwards validated search, lifecycle, archive and pagination (2.9545ms)
✔ metadata gateway preserves If-Match and ETag without exposing private headers (1.223792ms)
✔ write gateway rejects cross-site, unknown fields, invalid keys and invalid metadata without backend access (2.085542ms)
✔ gateway sanitizes domain conflicts, unknown failures and transport uncertainty (1.411875ms)
✔ creation validation and unresolved-command receipt respect the recovery window boundary (0.174167ms)
✔ creation gateway preserves the account assertion and rejects malformed binding (1.494584ms)
✔ browser harness teardown completes when a child ignores graceful shutdown (148.735ms)
✔ unsent creation drafts survive authentication without crossing account ownership (0.495917ms)
✔ an exited test child releases inherited pipes without waiting for descendants (131.317833ms)
✔ real build gateway uses generated client and private identity (37.696ms)
✔ real build gateway rejects model commands, non-JSON bodies and foreign origins (3.282917ms)
✔ uncertain real build retains exact idempotency key across replay (0.947584ms)
✔ trace accepts real provenance and preserves simulation labels (0.124542ms)
✔ browser JSON build reaches the strict gateway without weakening input validation (0.847708ms)
✔ build receipts remain project-scoped and expired or legacy receipts cannot dispatch (0.148583ms)
✔ unavailable browser storage never turns a confirmed command into a failed command (0.106417ms)
✔ real preview URLs fail closed on invalid expiry, cookie host and capability paths (1.235166ms)
✔ accepted queued command gives immediate activity without completed build checks (0.4365ms)
✔ generation pending and saved source advance only observed stages (0.376125ms)
✔ building, verifying, preparing and Ready require candidate checks and atomic publication (2.755916ms)
✔ repair preserves old immutable evidence but resets checks for the new candidate (0.180666ms)
✔ prior candidate and foreign trace events never complete a new attempt (0.194ms)
✔ quiet stage with a recent heartbeat waits visibly; stale worker and lost connection stop animation (0.553625ms)
✔ failed, canceled and cancellation requested remain explicit and never reach Ready (0.672792ms)
✔ journey uses Create Plan Build Preview Deploy Live without treating navigation as evidence (0.796083ms)
✔ update journey preserves last confirmed Live while rebuild fails or preview is ahead (0.438542ms)
✔ only the confirmed current release reaches Live; expired preview and session are blocked (0.13525ms)
✔ demonstration and foreign release records cannot masquerade as Live (0.108166ms)
✔ newer repair trace invalidates completed checks before the detail poll catches up (0.112959ms)
✔ a newer generated candidate cannot inherit prior checks during read/stream races (0.079541ms)
✔ new-candidate check events cannot inherit old checks while the detail read is stale (0.067625ms)
✔ saved generated events advance a stale generation-pending read without inventing checks (0.052542ms)
✔ context resolution does not claim the generation request has started (0.044375ms)
✔ missing detail preserves blocked connectivity and newer terminal state (0.065208ms)
✔ approved plans with unavailable runtime show a blocked Build and a recovery action (0.061417ms)
✔ publishing preparation, reconciliation, failures and cancellation retain observed states (0.1375ms)
✖ a failed replacement release keeps its own attention journey beside last confirmed Live (0.822334ms)
✔ release gateway freezes package/config/source/production and keeps credentials server-only (32.57875ms)
✔ release gateway rejects external destinations, source code, stale-body shape and foreign origins before dispatch (1.821375ms)
✔ release receipt recovery preserves exact intent and rejects cross-project, expired and malformed state (0.283625ms)
✔ production links allow only observed HTTPS Vercel application origins (0.138833ms)
✔ sequence gaps hold later events until ordered recovery; duplicates are ignored (6.433333ms)
✔ out-of-order batches recover in project sequence and issue repairs stay run scoped (0.169792ms)
✔ transport validation rejects foreign, unsafe or invalid records; reconnect is bounded (2.21425ms)
✔ unresolved run receipts preserve exact start/retry/cancel context across reload (0.246667ms)
✔ run commands use generated fixed routes, private identity and separate stable keys (36.093042ms)
✔ run gateway rejects fixture flags, cross-origin commands, methods and invalid frozen input (1.038292ms)
✔ SSE gateway preserves header precedence and forwards unbuffered bytes with abort propagation (1.94325ms)
✔ change gateway preserves frozen context and idempotency, keeps identity private (13.840208ms)
✔ workspace gateway rejects foreign writes, invalid bases, execution fields and methods before transport (1.398333ms)
✔ typed read routes forward revision, event sequence and pagination only (1.384792ms)
✔ stale and unsupported-schema conflicts survive sanitized gateway errors (1.028875ms)
✔ change receipts preserve exact command and reject invalid saved references (0.327125ms)
✔ fixture descriptors cannot open arbitrary URLs or unknown fixture revisions (0.328541ms)
ℹ tests 85
ℹ suites 0
ℹ pass 84
ℹ fail 1
ℹ cancelled 0
ℹ skipped 0
ℹ todo 0
ℹ duration_ms 518.470958

✖ failing tests:

test at tests/real-build.test.mjs:148:1
✖ a failed replacement release keeps its own attention journey beside last confirmed Live (0.822334ms)
  AssertionError [ERR_ASSERTION]: Expected values to be strictly equal:

  false !== true

      at TestContext.<anonymous> (file:///Users/nguyentienthanh/Downloads/F01-local/apps/web/tests/real-build.test.mjs:151:82)
      at Test.runInAsyncScope (node:async_hooks:227:14)
      at Test.run (node:internal/test_runner/test:1306:25)
      at Test.processPendingSubtests (node:internal/test_runner/test:897:18)
      at Test.postRun (node:internal/test_runner/test:1447:19)
      at Test.run (node:internal/test_runner/test:1372:12)
      at async Test.processPendingSubtests (node:internal/test_runner/test:897:7) {
    generatedMessage: true,
    code: 'ERR_ASSERTION',
    actual: false,
    expected: true,
    operator: 'strictEqual',
    diff: 'simple'
  }
/Users/nguyentienthanh/Downloads/F01-local/apps/web:
[ERR_PNPM_RECURSIVE_RUN_FIRST_FAIL] @f01/web@ test: `node --conditions=react-server --test tests/config.test.mjs tests/planning.test.mjs tests/projects.test.mjs tests/workspace.test.mjs tests/simulation.test.mjs tests/auth.test.mjs tests/real-build.test.mjs tests/releases.test.mjs`
Exit status 1
[ELIFECYCLE] Command failed with exit code 1.
