$ pnpm --filter @f01/web test
$ node --conditions=react-server --test tests/config.test.mjs tests/planning.test.mjs tests/projects.test.mjs tests/workspace.test.mjs tests/simulation.test.mjs tests/auth.test.mjs tests/real-build.test.mjs tests/releases.test.mjs
✔ production OIDC gateway never accepts claimed browser identity or forwards it (43.80425ms)
✔ context planning gateway accepts only frozen JSON intent and fixed routes (3.111083ms)
✔ missing or expired session returns no data and never falls back to development owner (1.398041ms)
✔ sign-in/callback use secure HttpOnly bound cookies and return no provider token (1.939583ms)
✔ sign-out requires same-origin POST and revokes the server session before clearing cookies (1.256834ms)
✔ development identity cannot run in production (2.941083ms)
✔ known execution modes do not grant backend execution capabilities (1.525125ms)
✔ root configuration loads only selected web settings and preserves process overrides (1.963875ms)
✔ the proxy forwards only the trimmed idea and server credential to the fixed endpoint (45.572875ms)
✔ rejects cross-origin, missing-origin, and forged-host requests without calling the backend (7.035ms)
✔ allows localhost on the configured loopback port (1.305375ms)
✔ binds the origin to the HTTP Host when Next normalizes the internal URL (2.215916ms)
✔ invalid configuration fails safely before a backend call (1.923667ms)
✔ validates content type, bounded bodies, JSON and strict idea input before network access (5.33575ms)
✔ sanitizes AUTHENTICATION_REQUIRED without relaying upstream messages (1.804875ms)
✔ sanitizes PROVIDER_NOT_CONFIGURED without relaying upstream messages (0.507625ms)
✔ sanitizes PROVIDER_AUTHENTICATION_FAILED without relaying upstream messages (0.255125ms)
✔ sanitizes PROVIDER_QUOTA_EXCEEDED without relaying upstream messages (0.247791ms)
✔ sanitizes PROVIDER_RATE_LIMITED without relaying upstream messages (0.243625ms)
✔ sanitizes PROVIDER_TIMEOUT without relaying upstream messages (0.192542ms)
✔ sanitizes PROVIDER_UNAVAILABLE without relaying upstream messages (0.201208ms)
✔ sanitizes PROVIDER_REFUSED without relaying upstream messages (0.169708ms)
✔ sanitizes PROVIDER_INCOMPLETE_RESPONSE without relaying upstream messages (0.17ms)
✔ sanitizes PROVIDER_ERROR without relaying upstream messages (0.191833ms)
✔ sanitizes INTERNAL_ERROR without relaying upstream messages (0.225083ms)
✔ sanitizes VALIDATION_ERROR without relaying upstream messages (0.183333ms)
✔ unknown upstream failures and thrown exceptions use static messages (0.3795ms)
✔ invalid, oversized and credential-bearing successful responses cannot reach the browser (3.255875ms)
✔ browser cancellation reaches the upstream signal with no retry (4.923292ms)
✔ generated client gateway forwards trimmed creation, stable key and private identity only (46.706333ms)
✔ creation accepts the real saved-project contract and rejects unsafe navigation (2.156583ms)
✔ list forwards validated search, lifecycle, archive and pagination (0.802334ms)
✔ metadata gateway preserves If-Match and ETag without exposing private headers (1.247ms)
✔ write gateway rejects cross-site, unknown fields, invalid keys and invalid metadata without backend access (1.896083ms)
✔ gateway sanitizes domain conflicts, unknown failures and transport uncertainty (4.177042ms)
✔ creation validation and unresolved-command receipt respect the recovery window boundary (0.435792ms)
✔ creation gateway preserves the account assertion and rejects malformed binding (3.093375ms)
✔ browser harness teardown completes when a child ignores graceful shutdown (140.99225ms)
✔ unsent creation drafts survive authentication without crossing account ownership (0.439833ms)
✔ an exited test child releases inherited pipes without waiting for descendants (131.708791ms)
✔ real build gateway uses generated client and private identity (46.133833ms)
✔ real build gateway rejects model commands, non-JSON bodies and foreign origins (4.030542ms)
✔ uncertain real build retains exact idempotency key across replay (1.794208ms)
✔ trace accepts real provenance and preserves simulation labels (0.438667ms)
✔ browser JSON build reaches the strict gateway without weakening input validation (2.155916ms)
✔ build receipts remain project-scoped and expired or legacy receipts cannot dispatch (0.340875ms)
✔ unavailable browser storage never turns a confirmed command into a failed command (0.250042ms)
✔ real preview URLs fail closed on invalid expiry, cookie host and capability paths (2.317292ms)
✔ accepted queued command gives immediate activity without completed build checks (0.466042ms)
✔ generation pending and saved source advance only observed stages (0.257417ms)
✔ building, verifying, preparing and Ready require candidate checks and atomic publication (1.159625ms)
✔ repair preserves old immutable evidence but resets checks for the new candidate (0.117667ms)
✔ prior candidate and foreign trace events never complete a new attempt (0.195875ms)
✔ quiet stage with a recent heartbeat waits visibly; stale worker and lost connection stop animation (0.139875ms)
✔ failed, canceled and cancellation requested remain explicit and never reach Ready (0.253459ms)
✔ journey uses Create Plan Build Preview Deploy Live without treating navigation as evidence (0.355375ms)
✔ update journey preserves last confirmed Live while rebuild fails or preview is ahead (0.214ms)
✔ only the confirmed current release reaches Live; expired preview and session are blocked (0.114417ms)
✔ demonstration and foreign release records cannot masquerade as Live (0.094333ms)
✔ newer repair trace invalidates completed checks before the detail poll catches up (0.093041ms)
✔ a newer generated candidate cannot inherit prior checks during read/stream races (0.063333ms)
✔ new-candidate check events cannot inherit old checks while the detail read is stale (0.070291ms)
✔ saved generated events advance a stale generation-pending read without inventing checks (0.052542ms)
✔ context resolution does not claim the generation request has started (0.041417ms)
✔ missing detail preserves blocked connectivity and newer terminal state (0.057416ms)
✔ approved plans with unavailable runtime show a blocked Build and a recovery action (0.053542ms)
✔ publishing preparation, reconciliation, failures and cancellation retain observed states (0.157375ms)
✔ a failed replacement release keeps its own attention journey beside last confirmed Live (0.085625ms)
✖ worker recovery invalidates old checks before the detail poll catches up (0.725959ms)
✔ release gateway freezes package/config/source/production and keeps credentials server-only (36.606625ms)
✔ release gateway rejects external destinations, source code, stale-body shape and foreign origins before dispatch (2.633209ms)
✔ release receipt recovery preserves exact intent and rejects cross-project, expired and malformed state (0.494833ms)
✔ production links allow only observed HTTPS Vercel application origins (0.398625ms)
✔ sequence gaps hold later events until ordered recovery; duplicates are ignored (7.756666ms)
✔ out-of-order batches recover in project sequence and issue repairs stay run scoped (0.155916ms)
✔ transport validation rejects foreign, unsafe or invalid records; reconnect is bounded (0.246834ms)
✔ unresolved run receipts preserve exact start/retry/cancel context across reload (0.25975ms)
✔ run commands use generated fixed routes, private identity and separate stable keys (44.961ms)
✔ run gateway rejects fixture flags, cross-origin commands, methods and invalid frozen input (1.134209ms)
✔ SSE gateway preserves header precedence and forwards unbuffered bytes with abort propagation (2.959542ms)
✔ change gateway preserves frozen context and idempotency, keeps identity private (14.264ms)
✔ workspace gateway rejects foreign writes, invalid bases, execution fields and methods before transport (1.153125ms)
✔ typed read routes forward revision, event sequence and pagination only (1.101542ms)
✔ stale and unsupported-schema conflicts survive sanitized gateway errors (0.743792ms)
✔ change receipts preserve exact command and reject invalid saved references (0.30875ms)
✔ fixture descriptors cannot open arbitrary URLs or unknown fixture revisions (0.231709ms)
ℹ tests 86
ℹ suites 0
ℹ pass 85
ℹ fail 1
ℹ cancelled 0
ℹ skipped 0
ℹ todo 0
ℹ duration_ms 518.029959

✖ failing tests:

test at tests/real-build.test.mjs:154:1
✖ worker recovery invalidates old checks before the detail poll catches up (0.725959ms)
  AssertionError [ERR_ASSERTION]: Expected values to be strictly equal:

  4 !== 2

      at TestContext.<anonymous> (file:///Users/nguyentienthanh/Downloads/F01-local/apps/web/tests/real-build.test.mjs:157:46)
      at Test.runInAsyncScope (node:async_hooks:227:14)
      at Test.run (node:internal/test_runner/test:1306:25)
      at Test.processPendingSubtests (node:internal/test_runner/test:897:18)
      at Test.postRun (node:internal/test_runner/test:1447:19)
      at Test.run (node:internal/test_runner/test:1372:12)
      at async Test.processPendingSubtests (node:internal/test_runner/test:897:7) {
    generatedMessage: true,
    code: 'ERR_ASSERTION',
    actual: 4,
    expected: 2,
    operator: 'strictEqual',
    diff: 'simple'
  }
/Users/nguyentienthanh/Downloads/F01-local/apps/web:
[ERR_PNPM_RECURSIVE_RUN_FIRST_FAIL] @f01/web@ test: `node --conditions=react-server --test tests/config.test.mjs tests/planning.test.mjs tests/projects.test.mjs tests/workspace.test.mjs tests/simulation.test.mjs tests/auth.test.mjs tests/real-build.test.mjs tests/releases.test.mjs`
Exit status 1
[ELIFECYCLE] Command failed with exit code 1.
