$ pnpm --filter @f01/web test
$ node --conditions=react-server --test tests/config.test.mjs tests/planning.test.mjs tests/projects.test.mjs tests/workspace.test.mjs tests/simulation.test.mjs tests/auth.test.mjs tests/real-build.test.mjs tests/releases.test.mjs
✔ production OIDC gateway never accepts claimed browser identity or forwards it (57.463917ms)
✔ context planning gateway accepts only frozen JSON intent and fixed routes (5.82875ms)
✔ missing or expired session returns no data and never falls back to development owner (0.42875ms)
✔ sign-in/callback use secure HttpOnly bound cookies and return no provider token (1.511209ms)
✔ sign-out requires same-origin POST and revokes the server session before clearing cookies (0.457791ms)
✔ development identity cannot run in production (7.800834ms)
✔ known execution modes do not grant backend execution capabilities (1.150875ms)
✔ root configuration loads only selected web settings and preserves process overrides (2.359667ms)
✔ the proxy forwards only the trimmed idea and server credential to the fixed endpoint (43.8335ms)
✔ rejects cross-origin, missing-origin, and forged-host requests without calling the backend (19.48275ms)
✔ allows localhost on the configured loopback port (0.489792ms)
✔ binds the origin to the HTTP Host when Next normalizes the internal URL (1.099625ms)
✔ invalid configuration fails safely before a backend call (0.8015ms)
✔ validates content type, bounded bodies, JSON and strict idea input before network access (10.332708ms)
✔ sanitizes AUTHENTICATION_REQUIRED without relaying upstream messages (6.115958ms)
✔ sanitizes PROVIDER_NOT_CONFIGURED without relaying upstream messages (0.393667ms)
✔ sanitizes PROVIDER_AUTHENTICATION_FAILED without relaying upstream messages (0.2675ms)
✔ sanitizes PROVIDER_QUOTA_EXCEEDED without relaying upstream messages (0.258833ms)
✔ sanitizes PROVIDER_RATE_LIMITED without relaying upstream messages (0.238041ms)
✔ sanitizes PROVIDER_TIMEOUT without relaying upstream messages (0.199167ms)
✔ sanitizes PROVIDER_UNAVAILABLE without relaying upstream messages (0.209584ms)
✔ sanitizes PROVIDER_REFUSED without relaying upstream messages (1.458333ms)
✔ sanitizes PROVIDER_INCOMPLETE_RESPONSE without relaying upstream messages (0.27675ms)
✔ sanitizes PROVIDER_ERROR without relaying upstream messages (0.222333ms)
✔ sanitizes INTERNAL_ERROR without relaying upstream messages (0.24075ms)
✔ sanitizes VALIDATION_ERROR without relaying upstream messages (0.231083ms)
✔ unknown upstream failures and thrown exceptions use static messages (0.441333ms)
✔ invalid, oversized and credential-bearing successful responses cannot reach the browser (9.397833ms)
✔ browser cancellation reaches the upstream signal with no retry (22.350333ms)
✔ generated client gateway forwards trimmed creation, stable key and private identity only (93.049042ms)
✔ creation accepts the real saved-project contract and rejects unsafe navigation (0.631083ms)
✔ list forwards validated search, lifecycle, archive and pagination (1.676416ms)
✔ metadata gateway preserves If-Match and ETag without exposing private headers (1.301417ms)
✔ write gateway rejects cross-site, unknown fields, invalid keys and invalid metadata without backend access (18.929292ms)
✔ gateway sanitizes domain conflicts, unknown failures and transport uncertainty (20.8625ms)
✔ creation validation and unresolved-command receipt respect the recovery window boundary (0.281083ms)
✔ creation gateway preserves the account assertion and rejects malformed binding (1.805708ms)
✔ browser harness teardown completes when a child ignores graceful shutdown (142.237ms)
✔ unsent creation drafts survive authentication without crossing account ownership (0.728083ms)
✔ an exited test child releases inherited pipes without waiting for descendants (132.268542ms)
✔ real build gateway uses generated client and private identity (37.145834ms)
✔ real build gateway rejects model commands, non-JSON bodies and foreign origins (5.256375ms)
✔ uncertain real build retains exact idempotency key across replay (9.52825ms)
✔ trace accepts real provenance and preserves simulation labels (0.164875ms)
✔ browser JSON build reaches the strict gateway without weakening input validation (2.001875ms)
✔ build receipts remain project-scoped and expired or legacy receipts cannot dispatch (0.1665ms)
✔ unavailable browser storage never turns a confirmed command into a failed command (0.10825ms)
✔ real preview URLs fail closed on invalid expiry, cookie host and capability paths (1.419917ms)
✔ accepted queued command gives immediate activity without completed build checks (3.181667ms)
✔ generation pending and saved source advance only observed stages (6.499ms)
✔ building, verifying, preparing and Ready require candidate checks and atomic publication (0.397083ms)
✔ repair preserves old immutable evidence but resets checks for the new candidate (0.1285ms)
✔ prior candidate and foreign trace events never complete a new attempt (0.187375ms)
✔ quiet stage with a recent heartbeat waits visibly; stale worker and lost connection stop animation (0.13925ms)
✔ failed, canceled and cancellation requested remain explicit and never reach Ready (0.278667ms)
✔ journey uses Create Plan Build Preview Deploy Live without treating navigation as evidence (0.381458ms)
✔ update journey preserves last confirmed Live while rebuild fails or preview is ahead (0.228833ms)
✔ only the confirmed current release reaches Live; expired preview and session are blocked (0.124208ms)
✔ demonstration and foreign release records cannot masquerade as Live (0.120042ms)
✔ newer repair trace invalidates completed checks before the detail poll catches up (0.124958ms)
✔ a newer generated candidate cannot inherit prior checks during read/stream races (0.07375ms)
✔ new-candidate check events cannot inherit old checks while the detail read is stale (0.074667ms)
✔ saved generated events advance a stale generation-pending read without inventing checks (0.058791ms)
✔ context resolution does not claim the generation request has started (18.561042ms)
✔ missing detail preserves blocked connectivity and newer terminal state (12.249083ms)
✔ approved plans with unavailable runtime show a blocked Build and a recovery action (0.629584ms)
✔ publishing preparation, reconciliation, failures and cancellation retain observed states (0.180625ms)
✔ a failed replacement release keeps its own attention journey beside last confirmed Live (0.10925ms)
✔ worker recovery invalidates old checks before the detail poll catches up (0.098458ms)
✔ confirmed cancellation stays visible until a stale running snapshot catches up (0.078917ms)
✔ an accepted new build is visible ahead of an older snapshot and later reads advance it (0.048167ms)
✔ workspace activity never keeps animating a confirmed terminal build or a waiting observation (0.417625ms)
✔ saved build reads remain authoritative when only the event connection is interrupted (0.659708ms)
✔ release gateway freezes package/config/source/production and keeps credentials server-only (45.351042ms)
✔ release gateway rejects external destinations, source code, stale-body shape and foreign origins before dispatch (16.6505ms)
✔ release receipt recovery preserves exact intent and rejects cross-project, expired and malformed state (0.354834ms)
✔ production links allow only observed HTTPS Vercel application origins (0.163375ms)
✔ sequence gaps hold later events until ordered recovery; duplicates are ignored (9.690917ms)
✔ out-of-order batches recover in project sequence and issue repairs stay run scoped (0.166292ms)
✔ transport validation rejects foreign, unsafe or invalid records; reconnect is bounded (1.874167ms)
✔ unresolved run receipts preserve exact start/retry/cancel context across reload (0.24075ms)
✔ run commands use generated fixed routes, private identity and separate stable keys (65.888541ms)
✔ run gateway rejects fixture flags, cross-origin commands, methods and invalid frozen input (0.971917ms)
✔ SSE gateway preserves header precedence and forwards unbuffered bytes with abort propagation (1.308125ms)
✔ change gateway preserves frozen context and idempotency, keeps identity private (16.102209ms)
✔ workspace gateway rejects foreign writes, invalid bases, execution fields and methods before transport (1.344208ms)
✔ typed read routes forward revision, event sequence and pagination only (1.352667ms)
✔ stale and unsupported-schema conflicts survive sanitized gateway errors (0.900875ms)
✔ change receipts preserve exact command and reject invalid saved references (0.314625ms)
✔ fixture descriptors cannot open arbitrary URLs or unknown fixture revisions (0.258875ms)
ℹ tests 90
ℹ suites 0
ℹ pass 90
ℹ fail 0
ℹ cancelled 0
ℹ skipped 0
ℹ todo 0
ℹ duration_ms 680.956
