$ pnpm --filter @f01/web test
$ node --conditions=react-server --test tests/config.test.mjs tests/planning.test.mjs tests/projects.test.mjs tests/workspace.test.mjs tests/simulation.test.mjs tests/auth.test.mjs tests/real-build.test.mjs tests/releases.test.mjs tests/theme.test.mjs
✔ production OIDC gateway never accepts claimed browser identity or forwards it (73.777542ms)
✔ context planning gateway accepts only frozen JSON intent and fixed routes (5.279583ms)
✔ missing or expired session returns no data and never falls back to development owner (0.448042ms)
✔ sign-in/callback use secure HttpOnly bound cookies and return no provider token (8.928833ms)
✔ sign-out requires same-origin POST and revokes the server session before clearing cookies (0.469458ms)
✔ Google and email pass only the selected provider method and signup intent, retaining a safe return route (1.963292ms)
✔ auth handoff rejects arbitrary methods, duplicate fields, oversized forms and insecure provider redirects (1.660125ms)
✔ callback failures are actionable and never reflect provider error text or establish session cookies (0.87925ms)
✔ failed logout retains the session; a confirmed expired session is safely cleared (0.279708ms)
✔ account profile writes use verified session/CSRF and reject identity or email mutation (4.919792ms)
✔ session recovery destinations never accept external URLs, encoded traversal or unknown routes (0.400542ms)
✔ development identity cannot run in production (1.690208ms)
✔ known execution modes do not grant backend execution capabilities (3.911416ms)
✔ root configuration loads only selected web settings and preserves process overrides (1.66275ms)
✔ the proxy forwards only the trimmed idea and server credential to the fixed endpoint (146.730291ms)
✔ rejects cross-origin, missing-origin, and forged-host requests without calling the backend (5.827458ms)
✔ allows localhost on the configured loopback port (1.247875ms)
✔ binds the origin to the HTTP Host when Next normalizes the internal URL (1.314833ms)
✔ invalid configuration fails safely before a backend call (0.996667ms)
✔ validates content type, bounded bodies, JSON and strict idea input before network access (2.774625ms)
✔ sanitizes AUTHENTICATION_REQUIRED without relaying upstream messages (3.025625ms)
✔ sanitizes PROVIDER_NOT_CONFIGURED without relaying upstream messages (1.6115ms)
✔ sanitizes PROVIDER_AUTHENTICATION_FAILED without relaying upstream messages (0.430208ms)
✔ sanitizes PROVIDER_QUOTA_EXCEEDED without relaying upstream messages (0.301417ms)
✔ sanitizes PROVIDER_RATE_LIMITED without relaying upstream messages (0.250208ms)
✔ sanitizes PROVIDER_TIMEOUT without relaying upstream messages (0.216542ms)
✔ sanitizes PROVIDER_UNAVAILABLE without relaying upstream messages (0.222666ms)
✔ sanitizes PROVIDER_REFUSED without relaying upstream messages (0.182458ms)
✔ sanitizes PROVIDER_INCOMPLETE_RESPONSE without relaying upstream messages (0.212917ms)
✔ sanitizes PROVIDER_ERROR without relaying upstream messages (0.185875ms)
✔ sanitizes INTERNAL_ERROR without relaying upstream messages (0.190458ms)
✔ sanitizes VALIDATION_ERROR without relaying upstream messages (0.153875ms)
✔ unknown upstream failures and thrown exceptions use static messages (0.397166ms)
✔ invalid, oversized and credential-bearing successful responses cannot reach the browser (2.89525ms)
✔ browser cancellation reaches the upstream signal with no retry (6.952542ms)
✔ generated client gateway forwards trimmed creation, stable key and private identity only (58.007417ms)
✔ creation accepts the real saved-project contract and rejects unsafe navigation (0.914625ms)
✔ list forwards validated search, lifecycle, archive and pagination (1.800667ms)
✔ metadata gateway preserves If-Match and ETag without exposing private headers (38.114125ms)
✔ write gateway rejects cross-site, unknown fields, invalid keys and invalid metadata without backend access (3.761625ms)
✔ gateway sanitizes domain conflicts, unknown failures and transport uncertainty (3.582333ms)
✔ creation validation and unresolved-command receipt respect the recovery window boundary (0.937666ms)
✔ creation gateway preserves the account assertion and rejects malformed binding (1.54425ms)
✔ browser harness teardown completes when a child ignores graceful shutdown (152.556959ms)
✔ unsent creation drafts survive authentication without crossing account ownership (0.406792ms)
✔ an exited test child releases inherited pipes without waiting for descendants (132.47425ms)
✔ real build gateway uses generated client and private identity (85.378458ms)
✔ real build gateway rejects model commands, non-JSON bodies and foreign origins (6.718209ms)
✔ uncertain real build retains exact idempotency key across replay (1.538458ms)
✔ trace accepts real provenance and preserves simulation labels (0.149375ms)
✔ browser JSON build reaches the strict gateway without weakening input validation (1.97875ms)
✔ build receipts remain project-scoped and expired or legacy receipts cannot dispatch (0.349917ms)
✔ unavailable browser storage never turns a confirmed command into a failed command (0.128958ms)
✔ real preview URLs fail closed on invalid expiry, cookie host and capability paths (1.604709ms)
✔ accepted queued command gives immediate activity without completed build checks (0.51475ms)
✔ generation pending and saved source advance only observed stages (0.196833ms)
✔ building, verifying, preparing and Ready require candidate checks and atomic publication (0.315042ms)
✔ repair preserves old immutable evidence but resets checks for the new candidate (0.104667ms)
✔ prior candidate and foreign trace events never complete a new attempt (0.162417ms)
✔ quiet stage with a recent heartbeat waits visibly; stale worker and lost connection stop animation (0.123333ms)
✔ failed, canceled and cancellation requested remain explicit and never reach Ready (0.238042ms)
✔ journey uses Describe Plan Build Preview Deploy Live without treating navigation as evidence (0.388708ms)
✔ update journey preserves last confirmed Live while rebuild fails or preview is ahead (0.204208ms)
✔ only the confirmed current release reaches Live; expired preview and session are blocked (0.109458ms)
✔ demonstration and foreign release records cannot masquerade as Live (0.093333ms)
✔ newer repair trace invalidates completed checks before the detail poll catches up (0.092959ms)
✔ a newer generated candidate cannot inherit prior checks during read/stream races (0.067625ms)
✔ new-candidate check events cannot inherit old checks while the detail read is stale (0.133167ms)
✔ saved generated events advance a stale generation-pending read without inventing checks (0.078ms)
✔ context resolution does not claim the generation request has started (0.052334ms)
✔ missing detail preserves blocked connectivity and newer terminal state (0.0715ms)
✔ approved plans with unavailable runtime show a blocked Build and a recovery action (0.067792ms)
✔ publishing preparation, reconciliation, failures and cancellation retain observed states (0.135959ms)
✔ a failed replacement release keeps its own attention journey beside last confirmed Live (0.086291ms)
✔ worker recovery invalidates old checks before the detail poll catches up (0.070208ms)
✔ confirmed cancellation stays visible until a stale running snapshot catches up (0.07125ms)
✔ an accepted new build is visible ahead of an older snapshot and later reads advance it (0.041708ms)
✔ workspace activity never keeps animating a confirmed terminal build or a waiting observation (0.114958ms)
✔ saved build reads remain authoritative when only the event connection is interrupted (0.05075ms)
✔ standalone storage previews validate project, capability, expiry and local host without changing iframe origins (0.182833ms)
✔ release gateway freezes package/config/source/production and keeps credentials server-only (39.326875ms)
✔ release gateway rejects external destinations, source code, stale-body shape and foreign origins before dispatch (6.77675ms)
✔ release receipt recovery preserves exact intent and rejects cross-project, expired and malformed state (0.581667ms)
✔ production links allow only observed HTTPS Vercel application origins (0.279875ms)
✔ sequence gaps hold later events until ordered recovery; duplicates are ignored (28.698166ms)
✔ out-of-order batches recover in project sequence and issue repairs stay run scoped (0.180042ms)
✔ transport validation rejects foreign, unsafe or invalid records; reconnect is bounded (0.552417ms)
✔ unresolved run receipts preserve exact start/retry/cancel context across reload (0.536583ms)
✔ run commands use generated fixed routes, private identity and separate stable keys (92.707209ms)
✔ run gateway rejects fixture flags, cross-origin commands, methods and invalid frozen input (3.431292ms)
✔ SSE gateway preserves header precedence and forwards unbuffered bytes with abort propagation (2.092584ms)
✔ new users default to light even on a dark system; stored preferences apply synchronously (1.96425ms)
✔ only System follows OS changes; explicit selection persists and supports cross-tab updates (0.462125ms)
✔ blocked storage still supports in-page dark/system preferences without an exception (0.371042ms)
✔ conversational draft handoff is project/owner bound and retains its exact review context (0.657625ms)
✔ login recovery retains the recognized change handoff without allowing arbitrary return queries (2.169042ms)
✔ streamed appearance controls match the stored preference before hydration (0.404375ms)
✔ change gateway preserves frozen context and idempotency, keeps identity private (13.288791ms)
✔ workspace gateway rejects foreign writes, invalid bases, execution fields and methods before transport (1.244375ms)
✔ typed read routes forward revision, event sequence and pagination only (1.261625ms)
✔ stale and unsupported-schema conflicts survive sanitized gateway errors (0.995083ms)
✔ change receipts preserve exact command and reject invalid saved references (0.264292ms)
✔ fixture descriptors cannot open arbitrary URLs or unknown fixture revisions (0.2985ms)
ℹ tests 103
ℹ suites 0
ℹ pass 103
ℹ fail 0
ℹ cancelled 0
ℹ skipped 0
ℹ todo 0
ℹ duration_ms 702.181375
