$ pnpm --filter @f01/web test:e2e
$ node --test tests/planning.e2e.test.mjs
▶ production frontend submits, displays, recovers and protects the browser boundary
  ✔ blank and oversized ideas are validated without network access (204.812625ms)
  ✔ pending state prevents duplicate submissions and cancellation preserves the brief (269.42925ms)
  ✔ successful request renders all structured plan fields and keeps credentials server-side (294.441791ms)
  ✔ provider failures preserve input and a retry renders a new successful plan (846.657583ms)
  ✔ HTML-like provider text is displayed as text (61.741167ms)
  ✔ the real route rejects cross-site requests and unsupported methods (10.249834ms)
  ✔ homepage starters change the brief and labeled sample without making a backend request (309.749666ms)
  ✔ global navigation exposes real starter briefs, planned connections and documentation (200.192542ms)
  ✔ sample workspace views and evidence inspection are interactive without executing work (423.678542ms)
  ✔ demo can pause and replay and is static by default with reduced motion (16501.85875ms)
  ✔ dashboard exposes a retryable connection error and starters prefill creation (345.640208ms)
  ✔ all redesigned surfaces fit target widths and mobile navigation restores keyboard focus (1350.600958ms)
  ✔ production browser JavaScript contains no credential environment references (20.351542ms)
✔ production frontend submits, displays, recovers and protects the browser boundary (24352.528625ms)
ℹ tests 14
ℹ suites 0
ℹ pass 14
ℹ fail 0
ℹ cancelled 0
ℹ skipped 0
ℹ todo 0
ℹ duration_ms 24431.334125
