F                                                                        [100%]
=================================== FAILURES ===================================
___ test_terminal_interrupt_keeps_disposable_database_available_for_cleanup ____

    def test_terminal_interrupt_keeps_disposable_database_available_for_cleanup() -> None:
        import os
        import signal
        import subprocess
        import sys
        from pathlib import Path
        script = """from pathlib import Path
    import signal,time,psycopg
    from scripts.test_database import test_database
    with test_database(Path.cwd()) as url:
        signal.signal(signal.SIGINT, signal.SIG_IGN)
        print('database-ready',flush=True)
        time.sleep(.5)
        with psycopg.connect(url.replace('postgresql+psycopg://','postgresql://')) as connection:
            assert connection.execute('SELECT 1').fetchone() == (1,)
        print('database-available-for-cleanup',flush=True)
    """
        process = subprocess.Popen([sys.executable, '-c', script], cwd=Path(__file__).resolve().parents[3], stdout=subprocess.PIPE, stderr=subprocess.PIPE, text=True, start_new_session=True)
        try:
            assert process.stdout is not None
            assert process.stdout.readline().strip() == 'database-ready'
            os.killpg(process.pid, signal.SIGINT)
            output, error = process.communicate(timeout=20)
>           assert process.returncode == 0 and 'database-available-for-cleanup' in output, error
E           AssertionError: Traceback (most recent call last):
E               File "<string>", line 8, in <module>
E               File "/Users/nguyentienthanh/Downloads/F01-local/apps/api/.venv/lib/python3.12/site-packages/psycopg/connection.py", line 126, in connect
E                 raise last_ex.with_traceback(None)
E             psycopg.OperationalError: connection failed: connection to server at "127.0.0.1", port 57510 failed: could not receive data from server: Connection refused
E             
E           assert (1 == 0)
E            +  where 1 = <Popen: returncode: 1 args: ['/Users/nguyentienthanh/Downloads/F01-local/app...>.returncode

apps/api/tests/test_disposable_cleanup.py:80: AssertionError
=========================== short test summary info ============================
FAILED apps/api/tests/test_disposable_cleanup.py::test_terminal_interrupt_keeps_disposable_database_available_for_cleanup
1 failed, 6 deselected in 1.89s
