$ pnpm --filter @f01/web test
$ node --conditions=react-server --test tests/config.test.mjs tests/planning.test.mjs tests/projects.test.mjs tests/workspace.test.mjs tests/simulation.test.mjs tests/auth.test.mjs tests/real-build.test.mjs tests/releases.test.mjs
✔ production OIDC gateway never accepts claimed browser identity or forwards it (86.833584ms)
✔ context planning gateway accepts only frozen JSON intent and fixed routes (5.76325ms)
✔ missing or expired session returns no data and never falls back to development owner (0.430375ms)
✔ sign-in/callback use secure HttpOnly bound cookies and return no provider token (2.943042ms)
✔ sign-out requires same-origin POST and revokes the server session before clearing cookies (0.895375ms)
✔ Google and email pass only the selected provider method and signup intent, retaining a safe return route (2.227666ms)
✔ auth handoff rejects arbitrary methods, duplicate fields, oversized forms and insecure provider redirects (1.631917ms)
✔ callback failures are actionable and never reflect provider error text or establish session cookies (0.517ms)
✔ failed logout retains the session; a confirmed expired session is safely cleared (0.274792ms)
✔ account profile writes use verified session/CSRF and reject identity or email mutation (18.617583ms)
✔ session recovery destinations never accept external URLs, encoded traversal or unknown routes (0.421834ms)
✔ development identity cannot run in production (1.959208ms)
✔ known execution modes do not grant backend execution capabilities (1.591209ms)
✔ root configuration loads only selected web settings and preserves process overrides (2.501375ms)
✔ the proxy forwards only the trimmed idea and server credential to the fixed endpoint (54.990666ms)
✔ rejects cross-origin, missing-origin, and forged-host requests without calling the backend (28.089041ms)
✔ allows localhost on the configured loopback port (1.632ms)
✔ binds the origin to the HTTP Host when Next normalizes the internal URL (7.665625ms)
✔ invalid configuration fails safely before a backend call (10.577584ms)
✔ validates content type, bounded bodies, JSON and strict idea input before network access (9.623709ms)
✔ sanitizes AUTHENTICATION_REQUIRED without relaying upstream messages (5.316458ms)
✔ sanitizes PROVIDER_NOT_CONFIGURED without relaying upstream messages (5.962583ms)
✔ sanitizes PROVIDER_AUTHENTICATION_FAILED without relaying upstream messages (0.843542ms)
✔ sanitizes PROVIDER_QUOTA_EXCEEDED without relaying upstream messages (0.400917ms)
✔ sanitizes PROVIDER_RATE_LIMITED without relaying upstream messages (1.570958ms)
✔ sanitizes PROVIDER_TIMEOUT without relaying upstream messages (0.583292ms)
✔ sanitizes PROVIDER_UNAVAILABLE without relaying upstream messages (7.41775ms)
✔ sanitizes PROVIDER_REFUSED without relaying upstream messages (0.731917ms)
✔ sanitizes PROVIDER_INCOMPLETE_RESPONSE without relaying upstream messages (0.276709ms)
✔ sanitizes PROVIDER_ERROR without relaying upstream messages (0.582583ms)
✔ sanitizes INTERNAL_ERROR without relaying upstream messages (1.028542ms)
✔ sanitizes VALIDATION_ERROR without relaying upstream messages (0.272333ms)
✔ unknown upstream failures and thrown exceptions use static messages (0.506041ms)
✔ invalid, oversized and credential-bearing successful responses cannot reach the browser (26.720333ms)
✔ browser cancellation reaches the upstream signal with no retry (7.043625ms)
✔ generated client gateway forwards trimmed creation, stable key and private identity only (67.34975ms)
✔ creation accepts the real saved-project contract and rejects unsafe navigation (0.571125ms)
✔ list forwards validated search, lifecycle, archive and pagination (1.282834ms)
✔ metadata gateway preserves If-Match and ETag without exposing private headers (12.012542ms)
✔ write gateway rejects cross-site, unknown fields, invalid keys and invalid metadata without backend access (21.634125ms)
✔ gateway sanitizes domain conflicts, unknown failures and transport uncertainty (19.08425ms)
✔ creation validation and unresolved-command receipt respect the recovery window boundary (1.394625ms)
✔ creation gateway preserves the account assertion and rejects malformed binding (13.865959ms)
✔ browser harness teardown completes when a child ignores graceful shutdown (194.171917ms)
✔ unsent creation drafts survive authentication without crossing account ownership (0.493375ms)
✔ an exited test child releases inherited pipes without waiting for descendants (148.368667ms)
✔ real build gateway uses generated client and private identity (185.56825ms)
✔ real build gateway rejects model commands, non-JSON bodies and foreign origins (13.6025ms)
✔ uncertain real build retains exact idempotency key across replay (2.083375ms)
✔ trace accepts real provenance and preserves simulation labels (0.327458ms)
✔ browser JSON build reaches the strict gateway without weakening input validation (2.844625ms)
✔ build receipts remain project-scoped and expired or legacy receipts cannot dispatch (0.17075ms)
✔ unavailable browser storage never turns a confirmed command into a failed command (0.118542ms)
✔ real preview URLs fail closed on invalid expiry, cookie host and capability paths (2.898083ms)
✔ accepted queued command gives immediate activity without completed build checks (2.05075ms)
✔ generation pending and saved source advance only observed stages (9.846084ms)
✔ building, verifying, preparing and Ready require candidate checks and atomic publication (2.443375ms)
✔ repair preserves old immutable evidence but resets checks for the new candidate (0.133875ms)
✔ prior candidate and foreign trace events never complete a new attempt (0.176667ms)
✔ quiet stage with a recent heartbeat waits visibly; stale worker and lost connection stop animation (0.130792ms)
✔ failed, canceled and cancellation requested remain explicit and never reach Ready (0.270125ms)
✔ journey uses Describe Plan Build Preview Deploy Live without treating navigation as evidence (4.744834ms)
✔ update journey preserves last confirmed Live while rebuild fails or preview is ahead (1.106417ms)
✔ only the confirmed current release reaches Live; expired preview and session are blocked (0.224833ms)
✔ demonstration and foreign release records cannot masquerade as Live (0.151375ms)
✔ newer repair trace invalidates completed checks before the detail poll catches up (0.135166ms)
✔ a newer generated candidate cannot inherit prior checks during read/stream races (0.175458ms)
✔ new-candidate check events cannot inherit old checks while the detail read is stale (0.093375ms)
✔ saved generated events advance a stale generation-pending read without inventing checks (0.067125ms)
✔ context resolution does not claim the generation request has started (0.047125ms)
✔ missing detail preserves blocked connectivity and newer terminal state (0.364833ms)
✔ approved plans with unavailable runtime show a blocked Build and a recovery action (0.53ms)
✔ publishing preparation, reconciliation, failures and cancellation retain observed states (0.452334ms)
✔ a failed replacement release keeps its own attention journey beside last confirmed Live (0.263166ms)
✔ worker recovery invalidates old checks before the detail poll catches up (0.21275ms)
✔ confirmed cancellation stays visible until a stale running snapshot catches up (0.212125ms)
✔ an accepted new build is visible ahead of an older snapshot and later reads advance it (0.069208ms)
✔ workspace activity never keeps animating a confirmed terminal build or a waiting observation (0.474458ms)
✔ saved build reads remain authoritative when only the event connection is interrupted (0.068584ms)
✔ release gateway freezes package/config/source/production and keeps credentials server-only (111.268ms)
✔ release gateway rejects external destinations, source code, stale-body shape and foreign origins before dispatch (29.266167ms)
✔ release receipt recovery preserves exact intent and rejects cross-project, expired and malformed state (1.955708ms)
✔ production links allow only observed HTTPS Vercel application origins (5.316333ms)
✔ sequence gaps hold later events until ordered recovery; duplicates are ignored (23.249875ms)
✔ out-of-order batches recover in project sequence and issue repairs stay run scoped (0.211292ms)
✔ transport validation rejects foreign, unsafe or invalid records; reconnect is bounded (0.2975ms)
✔ unresolved run receipts preserve exact start/retry/cancel context across reload (0.21825ms)
✔ run commands use generated fixed routes, private identity and separate stable keys (164.151958ms)
✔ run gateway rejects fixture flags, cross-origin commands, methods and invalid frozen input (1.421417ms)
✔ SSE gateway preserves header precedence and forwards unbuffered bytes with abort propagation (1.208417ms)
✔ change gateway preserves frozen context and idempotency, keeps identity private (25.790959ms)
✔ workspace gateway rejects foreign writes, invalid bases, execution fields and methods before transport (1.596083ms)
✔ typed read routes forward revision, event sequence and pagination only (1.309375ms)
✔ stale and unsupported-schema conflicts survive sanitized gateway errors (0.842375ms)
✔ change receipts preserve exact command and reject invalid saved references (0.313875ms)
✔ fixture descriptors cannot open arbitrary URLs or unknown fixture revisions (0.412666ms)
ℹ tests 96
ℹ suites 0
ℹ pass 96
ℹ fail 0
ℹ cancelled 0
ℹ skipped 0
ℹ todo 0
ℹ duration_ms 918.277125
