$ pnpm --filter @f01/web test
$ node --conditions=react-server --test tests/config.test.mjs tests/planning.test.mjs tests/projects.test.mjs tests/workspace.test.mjs tests/simulation.test.mjs tests/auth.test.mjs tests/real-build.test.mjs tests/releases.test.mjs
✔ production OIDC gateway never accepts claimed browser identity or forwards it (163.836375ms)
✔ context planning gateway accepts only frozen JSON intent and fixed routes (17.470417ms)
✔ missing or expired session returns no data and never falls back to development owner (2.325ms)
✔ sign-in/callback use secure HttpOnly bound cookies and return no provider token (4.68ms)
✔ sign-out requires same-origin POST and revokes the server session before clearing cookies (0.406916ms)
✔ Google and email pass only the selected provider method and signup intent, retaining a safe return route (0.925333ms)
✔ auth handoff rejects arbitrary methods, duplicate fields, oversized forms and insecure provider redirects (21.590375ms)
✔ callback failures are actionable and never reflect provider error text or establish session cookies (2.997334ms)
✔ failed logout retains the session; a confirmed expired session is safely cleared (0.358834ms)
✔ account profile writes use verified session/CSRF and reject identity or email mutation (24.813625ms)
✔ session recovery destinations never accept external URLs, encoded traversal or unknown routes (0.3555ms)
✔ development identity cannot run in production (1.573042ms)
✔ known execution modes do not grant backend execution capabilities (1.987625ms)
✔ root configuration loads only selected web settings and preserves process overrides (2.773833ms)
✔ the proxy forwards only the trimmed idea and server credential to the fixed endpoint (209.848625ms)
✔ rejects cross-origin, missing-origin, and forged-host requests without calling the backend (14.607458ms)
✔ allows localhost on the configured loopback port (1.074292ms)
✔ binds the origin to the HTTP Host when Next normalizes the internal URL (2.414834ms)
✔ invalid configuration fails safely before a backend call (9.220875ms)
✔ validates content type, bounded bodies, JSON and strict idea input before network access (29.918875ms)
✔ sanitizes AUTHENTICATION_REQUIRED without relaying upstream messages (0.8655ms)
✔ sanitizes PROVIDER_NOT_CONFIGURED without relaying upstream messages (0.814708ms)
✔ sanitizes PROVIDER_AUTHENTICATION_FAILED without relaying upstream messages (1.001083ms)
✔ sanitizes PROVIDER_QUOTA_EXCEEDED without relaying upstream messages (0.446125ms)
✔ sanitizes PROVIDER_RATE_LIMITED without relaying upstream messages (0.448041ms)
✔ sanitizes PROVIDER_TIMEOUT without relaying upstream messages (0.69825ms)
✔ sanitizes PROVIDER_UNAVAILABLE without relaying upstream messages (0.743541ms)
✔ sanitizes PROVIDER_REFUSED without relaying upstream messages (0.240208ms)
✔ sanitizes PROVIDER_INCOMPLETE_RESPONSE without relaying upstream messages (0.190333ms)
✔ sanitizes PROVIDER_ERROR without relaying upstream messages (0.18625ms)
✔ sanitizes INTERNAL_ERROR without relaying upstream messages (0.188167ms)
✔ sanitizes VALIDATION_ERROR without relaying upstream messages (1.079083ms)
✔ unknown upstream failures and thrown exceptions use static messages (13.608041ms)
✔ invalid, oversized and credential-bearing successful responses cannot reach the browser (1.92975ms)
✔ browser cancellation reaches the upstream signal with no retry (2.953625ms)
✔ generated client gateway forwards trimmed creation, stable key and private identity only (94.386709ms)
✔ creation accepts the real saved-project contract and rejects unsafe navigation (0.70575ms)
✔ list forwards validated search, lifecycle, archive and pagination (2.026209ms)
✔ metadata gateway preserves If-Match and ETag without exposing private headers (1.594708ms)
✔ write gateway rejects cross-site, unknown fields, invalid keys and invalid metadata without backend access (12.181167ms)
✔ gateway sanitizes domain conflicts, unknown failures and transport uncertainty (2.020417ms)
✔ creation validation and unresolved-command receipt respect the recovery window boundary (0.22075ms)
✔ creation gateway preserves the account assertion and rejects malformed binding (0.635625ms)
✔ browser harness teardown completes when a child ignores graceful shutdown (168.069167ms)
✔ unsent creation drafts survive authentication without crossing account ownership (0.82925ms)
✔ an exited test child releases inherited pipes without waiting for descendants (143.539125ms)
✔ real build gateway uses generated client and private identity (127.110083ms)
✔ real build gateway rejects model commands, non-JSON bodies and foreign origins (12.008584ms)
✔ uncertain real build retains exact idempotency key across replay (5.135791ms)
✔ trace accepts real provenance and preserves simulation labels (1.7705ms)
✔ browser JSON build reaches the strict gateway without weakening input validation (8.041208ms)
✔ build receipts remain project-scoped and expired or legacy receipts cannot dispatch (0.165583ms)
✔ unavailable browser storage never turns a confirmed command into a failed command (0.117208ms)
✔ real preview URLs fail closed on invalid expiry, cookie host and capability paths (6.932125ms)
✔ accepted queued command gives immediate activity without completed build checks (1.042167ms)
✔ generation pending and saved source advance only observed stages (0.229541ms)
✔ building, verifying, preparing and Ready require candidate checks and atomic publication (0.377792ms)
✔ repair preserves old immutable evidence but resets checks for the new candidate (0.119709ms)
✔ prior candidate and foreign trace events never complete a new attempt (0.167417ms)
✔ quiet stage with a recent heartbeat waits visibly; stale worker and lost connection stop animation (0.718083ms)
✔ failed, canceled and cancellation requested remain explicit and never reach Ready (0.331292ms)
✔ journey uses Create Plan Build Preview Deploy Live without treating navigation as evidence (2.90125ms)
✔ update journey preserves last confirmed Live while rebuild fails or preview is ahead (0.751291ms)
✔ only the confirmed current release reaches Live; expired preview and session are blocked (0.337ms)
✔ demonstration and foreign release records cannot masquerade as Live (0.273875ms)
✔ newer repair trace invalidates completed checks before the detail poll catches up (0.249708ms)
✔ a newer generated candidate cannot inherit prior checks during read/stream races (0.169875ms)
✔ new-candidate check events cannot inherit old checks while the detail read is stale (0.177334ms)
✔ saved generated events advance a stale generation-pending read without inventing checks (0.262125ms)
✔ context resolution does not claim the generation request has started (0.068292ms)
✔ missing detail preserves blocked connectivity and newer terminal state (0.089708ms)
✔ approved plans with unavailable runtime show a blocked Build and a recovery action (0.287083ms)
✔ publishing preparation, reconciliation, failures and cancellation retain observed states (0.449833ms)
✔ a failed replacement release keeps its own attention journey beside last confirmed Live (4.923458ms)
✔ worker recovery invalidates old checks before the detail poll catches up (9.168209ms)
✔ confirmed cancellation stays visible until a stale running snapshot catches up (0.440125ms)
✔ an accepted new build is visible ahead of an older snapshot and later reads advance it (1.663416ms)
✔ workspace activity never keeps animating a confirmed terminal build or a waiting observation (0.679083ms)
✔ saved build reads remain authoritative when only the event connection is interrupted (0.635375ms)
✔ release gateway freezes package/config/source/production and keeps credentials server-only (70.929542ms)
✔ release gateway rejects external destinations, source code, stale-body shape and foreign origins before dispatch (3.110042ms)
✔ release receipt recovery preserves exact intent and rejects cross-project, expired and malformed state (0.3455ms)
✔ production links allow only observed HTTPS Vercel application origins (0.151167ms)
✔ sequence gaps hold later events until ordered recovery; duplicates are ignored (20.025208ms)
✔ out-of-order batches recover in project sequence and issue repairs stay run scoped (14.813375ms)
✔ transport validation rejects foreign, unsafe or invalid records; reconnect is bounded (0.435083ms)
✔ unresolved run receipts preserve exact start/retry/cancel context across reload (0.26775ms)
✔ run commands use generated fixed routes, private identity and separate stable keys (101.340583ms)
✔ run gateway rejects fixture flags, cross-origin commands, methods and invalid frozen input (11.673958ms)
✔ SSE gateway preserves header precedence and forwards unbuffered bytes with abort propagation (2.413709ms)
✔ change gateway preserves frozen context and idempotency, keeps identity private (74.144125ms)
✔ workspace gateway rejects foreign writes, invalid bases, execution fields and methods before transport (1.436209ms)
✔ typed read routes forward revision, event sequence and pagination only (1.270834ms)
✔ stale and unsupported-schema conflicts survive sanitized gateway errors (0.812333ms)
✔ change receipts preserve exact command and reject invalid saved references (0.289375ms)
✔ fixture descriptors cannot open arbitrary URLs or unknown fixture revisions (0.275583ms)
ℹ tests 96
ℹ suites 0
ℹ pass 96
ℹ fail 0
ℹ cancelled 0
ℹ skipped 0
ℹ todo 0
ℹ duration_ms 896.571041
