sssssNo new upgrade operations detected.
................................................................... [ 20%]
....................F................No new upgrade operations detected.
................................... [ 40%]
........................................................................ [ 60%]
........................................................................ [ 80%]
....................................................................     [100%]
=================================== FAILURES ===================================
________ test_later_verified_login_updates_email_without_merging_owner _________

database = <f01.db.session.Database object at 0x109ab5130>
settings = Settings(app_env='test', auth_mode='development', execution_mode='simulated', real_execution_enabled=False, release_en...=1000, simulation_runner_enabled=False, simulation_change_scenario='auto', dev_token_expires_at=None, log_level='INFO')
rsa_key = <cryptography.hazmat.bindings._rust.openssl.rsa.RSAPrivateKey object at 0x109b48190>

    def test_later_verified_login_updates_email_without_merging_owner(database: Database,settings: Settings,rsa_key: rsa.RSAPrivateKey) -> None:
        configured=oidc_settings(settings)
        earlier=resolve_identity(database,verifier(configured,rsa_key).access(token(configured,rsa_key)))
        identity=VerifiedIdentity(configured.oidc_issuer,'owner-a',datetime.now(UTC)+timedelta(minutes=10),'Verified name','verified@example.test')
        assert resolve_identity(database,identity).id==earlier.id
        with database.session() as session:
>           user=session.get(User,earlier.id);assert user and user.email=='verified@example.test'
                                              ^^^^^^^^^^^^^^^^^^^^^^^^^^^^^^^^^^^^^^^^^^^^^^^^^^^
E           AssertionError: assert (<f01.db.models.User object at 0x10a7a8920> and None == 'verified@example.test')
E            +  where None = <f01.db.models.User object at 0x10a7a8920>.email

tests/persistence/test_phase2a.py:338: AssertionError
=============================== warnings summary ===============================
.venv/lib/python3.12/site-packages/fastapi/testclient.py:1
  /Users/nguyentienthanh/Downloads/F01-local/apps/api/.venv/lib/python3.12/site-packages/fastapi/testclient.py:1: StarletteDeprecationWarning: Using `httpx` with `starlette.testclient` is deprecated; install `httpx2` instead.
    from starlette.testclient import TestClient as TestClient  # noqa

tests/persistence/test_projects.py::test_idempotency_replay_mismatch_expiry_and_concurrency
  /Users/nguyentienthanh/Downloads/F01-local/apps/api/.venv/lib/python3.12/site-packages/pydantic/_internal/_generate_schema.py:2274: UnsupportedFieldAttributeWarning: The 'alias' attribute with value 'limit' was provided to the `Field()` function, which has no effect in the context it was used. 'alias' is field-specific metadata, and can only be attached to a model field using `Annotated` metadata or by assignment. This may have happened because an `Annotated` type alias using the `type` statement was used, or if the `Field()` function was attached to a single member of a union type.
    warnings.warn(

-- Docs: https://docs.pytest.org/en/stable/how-to/capture-warnings.html
=========================== short test summary info ============================
FAILED tests/persistence/test_phase2a.py::test_later_verified_login_updates_email_without_merging_owner
1 failed, 350 passed, 5 skipped, 2 warnings in 28.27s
