INFO  [alembic.runtime.migration] Context impl PostgresqlImpl.
INFO  [alembic.runtime.migration] Will assume transactional DDL.
INFO  [alembic.runtime.migration] Running upgrade  -> 0001_phase1, Phase 1 domain. Frozen DDL; never import evolving ORM metadata here.
INFO  [alembic.runtime.migration] Running upgrade 0001_phase1 -> 0002_phase2a, Phase 2A identity, sessions and planning. Frozen additive DDL.
INFO  [alembic.runtime.migration] Running upgrade 0002_phase2a -> 0003_phase2b, Frozen additive Phase 2B execution persistence.
INFO  [alembic.runtime.migration] Running upgrade 0003_phase2b -> 0004_phase2c, Frozen additive production release records; preserve all Phase 2B history.
INFO  [alembic.runtime.migration] Running upgrade 0004_phase2c -> 0005_release_target, Add explicit, durable production target provisioning.
INFO  [alembic.runtime.migration] Running upgrade 0005_release_target -> 0006_release_hardening, Retain immutable successful and failed production preparation evidence.
$ node --test tests/phase1.e2e.test.mjs
Phase 1 scenario: one persisted journey covers lifecycle, Brain, history, cancel and metadata
Phase 1 scenario: long content, all workspace surfaces and compact navigation remain accessible
▶ M6 final Phase 1 acceptance and product quality
  ✔ one persisted journey covers lifecycle, Brain, history, cancel and metadata (25118.920041ms)
Phase 1 scenario: keyboard focus, 200% reflow and reduced motion keep every control reachable
  ✔ long content, all workspace surfaces and compact navigation remain accessible (54394.564375ms)
Phase 1 scenario: offline content, explicit reconnect and historical selection recover coherently
  ✔ keyboard focus, 200% reflow and reduced motion keep every control reachable (9593.244625ms)
Phase 1 scenario: foreign and unauthenticated project access returns no project data
  ✔ offline content, explicit reconnect and historical selection recover coherently (1130.213041ms)
  ✔ foreign and unauthenticated project access returns no project data (887.935875ms)
✔ M6 final Phase 1 acceptance and product quality (96475.26475ms)
ℹ tests 6
ℹ suites 0
ℹ pass 6
ℹ fail 0
ℹ cancelled 0
ℹ skipped 0
ℹ todo 0
ℹ duration_ms 96603.415625
