$ pnpm --filter @f01/web test
$ node --conditions=react-server --test tests/config.test.mjs tests/planning.test.mjs tests/projects.test.mjs tests/workspace.test.mjs tests/simulation.test.mjs tests/auth.test.mjs tests/real-build.test.mjs tests/releases.test.mjs tests/theme.test.mjs
✔ production OIDC gateway never accepts claimed browser identity or forwards it (26.883416ms)
✔ context planning gateway accepts only frozen JSON intent and fixed routes (2.651375ms)
✔ missing or expired session returns no data and never falls back to development owner (0.395958ms)
✔ sign-in/callback use secure HttpOnly bound cookies and return no provider token (1.827875ms)
✔ sign-out requires same-origin POST and revokes the server session before clearing cookies (0.363ms)
✔ Google and email pass only the selected provider method and signup intent, retaining a safe return route (0.804125ms)
✔ auth handoff rejects arbitrary methods, duplicate fields, oversized forms and insecure provider redirects (1.652666ms)
✔ callback failures are actionable and never reflect provider error text or establish session cookies (0.420167ms)
✔ failed logout retains the session; a confirmed expired session is safely cleared (0.21675ms)
✔ account profile writes use verified session/CSRF and reject identity or email mutation (4.359ms)
✔ session recovery destinations never accept external URLs, encoded traversal or unknown routes (0.265833ms)
✔ development identity cannot run in production (5.811792ms)
✔ known execution modes do not grant backend execution capabilities (2.241417ms)
✔ root configuration loads only selected web settings and preserves process overrides (1.61375ms)
✔ the proxy forwards only the trimmed idea and server credential to the fixed endpoint (30.049125ms)
✔ rejects cross-origin, missing-origin, and forged-host requests without calling the backend (5.214375ms)
✔ allows localhost on the configured loopback port (0.402ms)
✔ binds the origin to the HTTP Host when Next normalizes the internal URL (5.793459ms)
✔ invalid configuration fails safely before a backend call (0.829459ms)
✔ validates content type, bounded bodies, JSON and strict idea input before network access (2.332542ms)
✔ sanitizes AUTHENTICATION_REQUIRED without relaying upstream messages (1.159042ms)
✔ sanitizes PROVIDER_NOT_CONFIGURED without relaying upstream messages (0.374208ms)
✔ sanitizes PROVIDER_AUTHENTICATION_FAILED without relaying upstream messages (35.146083ms)
✔ sanitizes PROVIDER_QUOTA_EXCEEDED without relaying upstream messages (14.204125ms)
✔ sanitizes PROVIDER_RATE_LIMITED without relaying upstream messages (1.351167ms)
✔ sanitizes PROVIDER_TIMEOUT without relaying upstream messages (1.165167ms)
✔ sanitizes PROVIDER_UNAVAILABLE without relaying upstream messages (0.640416ms)
✔ sanitizes PROVIDER_REFUSED without relaying upstream messages (1.607208ms)
✔ sanitizes PROVIDER_INCOMPLETE_RESPONSE without relaying upstream messages (2.767958ms)
✔ sanitizes PROVIDER_ERROR without relaying upstream messages (0.64875ms)
✔ sanitizes INTERNAL_ERROR without relaying upstream messages (1.416167ms)
✔ sanitizes VALIDATION_ERROR without relaying upstream messages (1.618875ms)
✔ unknown upstream failures and thrown exceptions use static messages (0.848167ms)
✔ invalid, oversized and credential-bearing successful responses cannot reach the browser (4.80625ms)
✔ browser cancellation reaches the upstream signal with no retry (7.65175ms)
✔ generated client gateway forwards trimmed creation, stable key and private identity only (77.874042ms)
✔ creation accepts the real saved-project contract and rejects unsafe navigation (0.45875ms)
✔ list forwards validated search, lifecycle, archive and pagination (2.504959ms)
✔ metadata gateway preserves If-Match and ETag without exposing private headers (5.164459ms)
✔ write gateway rejects cross-site, unknown fields, invalid keys and invalid metadata without backend access (5.151875ms)
✔ gateway sanitizes domain conflicts, unknown failures and transport uncertainty (6.110791ms)
✔ creation validation and unresolved-command receipt respect the recovery window boundary (0.40225ms)
✔ creation gateway preserves the account assertion and rejects malformed binding (1.697541ms)
✔ browser harness teardown completes when a child ignores graceful shutdown (158.8615ms)
✔ unsent creation drafts survive authentication without crossing account ownership (0.413833ms)
✔ an exited test child releases inherited pipes without waiting for descendants (212.808208ms)
✔ real build gateway uses generated client and private identity (72.98375ms)
✔ real build gateway rejects model commands, non-JSON bodies and foreign origins (3.506625ms)
✔ uncertain real build retains exact idempotency key across replay (0.947833ms)
✔ trace accepts real provenance and preserves simulation labels (0.125791ms)
✔ browser JSON build reaches the strict gateway without weakening input validation (0.988041ms)
✔ build receipts remain project-scoped and expired or legacy receipts cannot dispatch (0.533333ms)
✔ unavailable browser storage never turns a confirmed command into a failed command (0.257834ms)
✔ real preview URLs fail closed on invalid expiry, cookie host and capability paths (3.862541ms)
✔ accepted queued command gives immediate activity without completed build checks (1.064542ms)
✔ generation pending and saved source advance only observed stages (3.858541ms)
✔ building, verifying, preparing and Ready require candidate checks and atomic publication (0.370958ms)
✔ repair preserves old immutable evidence but resets checks for the new candidate (0.117917ms)
✔ prior candidate and foreign trace events never complete a new attempt (0.181083ms)
✔ quiet stage with a recent heartbeat waits visibly; stale worker and lost connection stop animation (0.141583ms)
✔ failed, canceled and cancellation requested remain explicit and never reach Ready (0.279459ms)
✔ journey uses Describe Plan Build Preview Deploy Live without treating navigation as evidence (0.395666ms)
✔ update journey preserves last confirmed Live while rebuild fails or preview is ahead (0.275375ms)
✔ only the confirmed current release reaches Live; expired preview and session are blocked (0.134208ms)
✔ demonstration and foreign release records cannot masquerade as Live (0.114458ms)
✔ newer repair trace invalidates completed checks before the detail poll catches up (0.10625ms)
✔ a newer generated candidate cannot inherit prior checks during read/stream races (0.064875ms)
✔ new-candidate check events cannot inherit old checks while the detail read is stale (0.05975ms)
✔ saved generated events advance a stale generation-pending read without inventing checks (0.049375ms)
✔ context resolution does not claim the generation request has started (0.041375ms)
✔ missing detail preserves blocked connectivity and newer terminal state (0.067458ms)
✔ approved plans with unavailable runtime show a blocked Build and a recovery action (0.060458ms)
✔ publishing preparation, reconciliation, failures and cancellation retain observed states (0.130375ms)
✔ a failed replacement release keeps its own attention journey beside last confirmed Live (0.088042ms)
✔ worker recovery invalidates old checks before the detail poll catches up (0.066208ms)
✔ confirmed cancellation stays visible until a stale running snapshot catches up (0.062833ms)
✔ an accepted new build is visible ahead of an older snapshot and later reads advance it (0.039542ms)
✔ workspace activity never keeps animating a confirmed terminal build or a waiting observation (0.107375ms)
✔ saved build reads remain authoritative when only the event connection is interrupted (0.047375ms)
✔ standalone storage previews validate project, capability, expiry and local host without changing iframe origins (0.189584ms)
✔ release gateway freezes package/config/source/production and keeps credentials server-only (69.22975ms)
✔ release gateway rejects external destinations, source code, stale-body shape and foreign origins before dispatch (4.24875ms)
✔ release receipt recovery preserves exact intent and rejects cross-project, expired and malformed state (1.028333ms)
✔ production links allow only observed HTTPS Vercel application origins (0.495792ms)
✔ sequence gaps hold later events until ordered recovery; duplicates are ignored (9.985ms)
✔ out-of-order batches recover in project sequence and issue repairs stay run scoped (0.233708ms)
✔ transport validation rejects foreign, unsafe or invalid records; reconnect is bounded (0.334917ms)
✔ unresolved run receipts preserve exact start/retry/cancel context across reload (0.210666ms)
✔ run commands use generated fixed routes, private identity and separate stable keys (39.187709ms)
✔ run gateway rejects fixture flags, cross-origin commands, methods and invalid frozen input (2.021625ms)
✔ SSE gateway preserves header precedence and forwards unbuffered bytes with abort propagation (1.041583ms)
✔ new users default to light even on a dark system; stored preferences apply synchronously (4.063959ms)
✔ only System follows OS changes; explicit selection persists and supports cross-tab updates (0.519542ms)
✔ blocked storage still supports in-page dark/system preferences without an exception (0.358958ms)
✔ conversational draft handoff is project/owner bound and retains its exact review context (0.631375ms)
✔ login recovery retains the recognized change handoff without allowing arbitrary return queries (0.39225ms)
✔ streamed appearance controls match the stored preference before hydration (0.643041ms)
✔ change gateway preserves frozen context and idempotency, keeps identity private (25.136542ms)
✔ workspace gateway rejects foreign writes, invalid bases, execution fields and methods before transport (1.596666ms)
✔ typed read routes forward revision, event sequence and pagination only (7.475416ms)
✔ stale and unsupported-schema conflicts survive sanitized gateway errors (2.776375ms)
✔ change receipts preserve exact command and reject invalid saved references (0.330167ms)
✔ fixture descriptors cannot open arbitrary URLs or unknown fixture revisions (0.328875ms)
ℹ tests 103
ℹ suites 0
ℹ pass 103
ℹ fail 0
ℹ cancelled 0
ℹ skipped 0
ℹ todo 0
ℹ duration_ms 764.638167
