$ pnpm --filter @f01/web test:e2e
$ node --test tests/planning.e2e.test.mjs
▶ production frontend submits, displays, recovers and protects the browser boundary
  ✔ blank and oversized ideas are validated without network access (245.465417ms)
  ✔ pending state prevents duplicate submissions and cancellation preserves the brief (287.586875ms)
  ✔ successful request renders all structured plan fields and keeps credentials server-side (559.9945ms)
  ✔ provider failures preserve input and a retry renders a new successful plan (601.65075ms)
  ✔ HTML-like provider text is displayed as text (66.189083ms)
  ✔ the real route rejects cross-site requests and unsupported methods (10.56775ms)
  ✔ homepage starters change the brief and labeled sample without making a backend request (278.876042ms)
  ✔ global navigation exposes real starter briefs, planned connections and documentation (185.189625ms)
  ✔ sample workspace views and evidence inspection are interactive without executing work (419.861084ms)
  ✔ demo can pause and replay and is static by default with reduced motion (16483.643167ms)
  ✔ dashboard exposes a retryable connection error and starters prefill creation (506.799958ms)
  ✔ all redesigned surfaces fit target widths and mobile navigation restores keyboard focus (2884.697792ms)
  ✔ production browser JavaScript contains no credential environment references (25.173041ms)
✔ production frontend submits, displays, recovers and protects the browser boundary (26012.322792ms)
ℹ tests 14
ℹ suites 0
ℹ pass 14
ℹ fail 0
ℹ cancelled 0
ℹ skipped 0
ℹ todo 0
ℹ duration_ms 26116.493375
