INFO  [alembic.runtime.migration] Context impl PostgresqlImpl.
INFO  [alembic.runtime.migration] Will assume transactional DDL.
INFO  [alembic.runtime.migration] Running upgrade  -> 0001_phase1, Phase 1 domain. Frozen DDL; never import evolving ORM metadata here.
INFO  [alembic.runtime.migration] Running upgrade 0001_phase1 -> 0002_phase2a, Phase 2A identity, sessions and planning. Frozen additive DDL.
INFO  [alembic.runtime.migration] Running upgrade 0002_phase2a -> 0003_phase2b, Frozen additive Phase 2B execution persistence.
INFO  [alembic.runtime.migration] Running upgrade 0003_phase2b -> 0004_phase2c, Frozen additive production release records; preserve all Phase 2B history.
INFO  [alembic.runtime.migration] Running upgrade 0004_phase2c -> 0005_release_target, Add explicit, durable production target provisioning.
INFO  [alembic.runtime.migration] Running upgrade 0005_release_target -> 0006_release_hardening, Retain immutable successful and failed production preparation evidence.
$ node --test tests/workspace.e2e.test.mjs
▶ M4 persisted workspace, immutable Brain, changes and isolated preview foundation
  ✔ persisted preview-first navigation and queued state (591.240916ms)
  ✔ structured Brain, provenance and original brief render as plain text (92.509667ms)
  ✔ real request saving recovers a lost response with the same frozen command (1647.35425ms)
  ✔ stale Brain conflict preserves text and requires current context review (1300.492917ms)
  ✔ available fixture version inspection and stale nullable base version (2065.145209ms)
  ✔ preview assets load and interactions work under opaque-origin isolation (198.567375ms)
  ✔ responsive surfaces, mobile drawer focus and stable draft state (11555.837042ms)
  ✔ missing projects, unsupported Brain schema and unavailable-service retry are safe (1248.67075ms)
✔ M4 persisted workspace, immutable Brain, changes and isolated preview foundation (20720.540167ms)
ℹ tests 9
ℹ suites 0
ℹ pass 9
ℹ fail 0
ℹ cancelled 0
ℹ skipped 0
ℹ todo 0
ℹ duration_ms 20809.985041
