INFO  [alembic.runtime.migration] Context impl PostgresqlImpl.
INFO  [alembic.runtime.migration] Will assume transactional DDL.
INFO  [alembic.runtime.migration] Running upgrade  -> 0001_phase1, Phase 1 domain. Frozen DDL; never import evolving ORM metadata here.
INFO  [alembic.runtime.migration] Running upgrade 0001_phase1 -> 0002_phase2a, Phase 2A identity, sessions and planning. Frozen additive DDL.
INFO  [alembic.runtime.migration] Running upgrade 0002_phase2a -> 0003_phase2b, Frozen additive Phase 2B execution persistence.
INFO  [alembic.runtime.migration] Running upgrade 0003_phase2b -> 0004_phase2c, Frozen additive production release records; preserve all Phase 2B history.
INFO  [alembic.runtime.migration] Running upgrade 0004_phase2c -> 0005_release_target, Add explicit, durable production target provisioning.
INFO  [alembic.runtime.migration] Running upgrade 0005_release_target -> 0006_release_hardening, Retain immutable successful and failed production preparation evidence.
$ node --test tests/commercial.e2e.test.mjs
Commercial worker: build
Commercial worker completed: build
Commercial worker: target
Commercial worker completed: target
Commercial worker: package
Commercial worker completed: package
Commercial worker: release
Commercial worker completed: release
Commercial worker: build
Commercial worker completed: build
Commercial worker: package
Commercial worker completed: package
Commercial worker: release
Commercial worker completed: release
Closing test browser
Stopping test server
Teardown complete
✔ signed-in commercial journey with accepted Docker and controlled deployment provider (146142.097666ms)
ℹ tests 1
ℹ suites 0
ℹ pass 1
ℹ fail 0
ℹ cancelled 0
ℹ skipped 0
ℹ todo 0
ℹ duration_ms 146271.678458
