$ pnpm --filter @f01/web test
$ node --conditions=react-server --test tests/config.test.mjs tests/planning.test.mjs tests/projects.test.mjs tests/workspace.test.mjs tests/simulation.test.mjs tests/auth.test.mjs tests/real-build.test.mjs tests/releases.test.mjs
✔ production OIDC gateway never accepts claimed browser identity or forwards it (47.406917ms)
✔ context planning gateway accepts only frozen JSON intent and fixed routes (5.361209ms)
✔ missing or expired session returns no data and never falls back to development owner (1.731125ms)
✔ sign-in/callback use secure HttpOnly bound cookies and return no provider token (19.864541ms)
✔ sign-out requires same-origin POST and revokes the server session before clearing cookies (1.920291ms)
✔ development identity cannot run in production (3.808833ms)
✔ known execution modes do not grant backend execution capabilities (1.016417ms)
✔ root configuration loads only selected web settings and preserves process overrides (0.862416ms)
✔ the proxy forwards only the trimmed idea and server credential to the fixed endpoint (43.827375ms)
✔ rejects cross-origin, missing-origin, and forged-host requests without calling the backend (10.067125ms)
✔ allows localhost on the configured loopback port (0.562833ms)
✔ binds the origin to the HTTP Host when Next normalizes the internal URL (5.257416ms)
✔ invalid configuration fails safely before a backend call (8.90225ms)
✔ validates content type, bounded bodies, JSON and strict idea input before network access (14.848625ms)
✔ sanitizes AUTHENTICATION_REQUIRED without relaying upstream messages (5.559458ms)
✔ sanitizes PROVIDER_NOT_CONFIGURED without relaying upstream messages (1.307375ms)
✔ sanitizes PROVIDER_AUTHENTICATION_FAILED without relaying upstream messages (0.427208ms)
✔ sanitizes PROVIDER_QUOTA_EXCEEDED without relaying upstream messages (0.293917ms)
✔ sanitizes PROVIDER_RATE_LIMITED without relaying upstream messages (0.419292ms)
✔ sanitizes PROVIDER_TIMEOUT without relaying upstream messages (0.222917ms)
✔ sanitizes PROVIDER_UNAVAILABLE without relaying upstream messages (0.220042ms)
✔ sanitizes PROVIDER_REFUSED without relaying upstream messages (0.465125ms)
✔ sanitizes PROVIDER_INCOMPLETE_RESPONSE without relaying upstream messages (0.193042ms)
✔ sanitizes PROVIDER_ERROR without relaying upstream messages (0.202083ms)
✔ sanitizes INTERNAL_ERROR without relaying upstream messages (0.189333ms)
✔ sanitizes VALIDATION_ERROR without relaying upstream messages (0.182125ms)
✔ unknown upstream failures and thrown exceptions use static messages (5.503583ms)
✔ invalid, oversized and credential-bearing successful responses cannot reach the browser (2.229167ms)
✔ browser cancellation reaches the upstream signal with no retry (5.693291ms)
✔ generated client gateway forwards trimmed creation, stable key and private identity only (31.1965ms)
✔ creation accepts the real saved-project contract and rejects unsafe navigation (1.203833ms)
✔ list forwards validated search, lifecycle, archive and pagination (0.990625ms)
✔ metadata gateway preserves If-Match and ETag without exposing private headers (5.6385ms)
✔ write gateway rejects cross-site, unknown fields, invalid keys and invalid metadata without backend access (13.34325ms)
✔ gateway sanitizes domain conflicts, unknown failures and transport uncertainty (7.238125ms)
✔ creation validation and unresolved-command receipt respect the recovery window boundary (0.396041ms)
✔ creation gateway preserves the account assertion and rejects malformed binding (1.417541ms)
✔ browser harness teardown completes when a child ignores graceful shutdown (165.966708ms)
✔ unsent creation drafts survive authentication without crossing account ownership (0.504167ms)
✔ an exited test child releases inherited pipes without waiting for descendants (133.444458ms)
✔ real build gateway uses generated client and private identity (48.040542ms)
✔ real build gateway rejects model commands, non-JSON bodies and foreign origins (4.87275ms)
✔ uncertain real build retains exact idempotency key across replay (13.247125ms)
✔ trace accepts real provenance and preserves simulation labels (2.413584ms)
✔ browser JSON build reaches the strict gateway without weakening input validation (7.133834ms)
✔ build receipts remain project-scoped and expired or legacy receipts cannot dispatch (0.365375ms)
✔ unavailable browser storage never turns a confirmed command into a failed command (0.263708ms)
✔ real preview URLs fail closed on invalid expiry, cookie host and capability paths (2.364625ms)
✔ release gateway freezes package/config/source/production and keeps credentials server-only (54.544042ms)
✔ release gateway rejects external destinations, source code, stale-body shape and foreign origins before dispatch (3.698917ms)
✔ release receipt recovery preserves exact intent and rejects cross-project, expired and malformed state (0.6475ms)
✔ production links allow only observed HTTPS Vercel application origins (0.421916ms)
✔ sequence gaps hold later events until ordered recovery; duplicates are ignored (16.277791ms)
✔ out-of-order batches recover in project sequence and issue repairs stay run scoped (0.347959ms)
✔ transport validation rejects foreign, unsafe or invalid records; reconnect is bounded (0.266041ms)
✔ unresolved run receipts preserve exact start/retry/cancel context across reload (0.214292ms)
✔ run commands use generated fixed routes, private identity and separate stable keys (52.807625ms)
✔ run gateway rejects fixture flags, cross-origin commands, methods and invalid frozen input (5.523125ms)
✔ SSE gateway preserves header precedence and forwards unbuffered bytes with abort propagation (5.782041ms)
✔ change gateway preserves frozen context and idempotency, keeps identity private (14.720458ms)
✔ workspace gateway rejects foreign writes, invalid bases, execution fields and methods before transport (1.328083ms)
✔ typed read routes forward revision, event sequence and pagination only (1.170166ms)
✔ stale and unsupported-schema conflicts survive sanitized gateway errors (0.765417ms)
✔ change receipts preserve exact command and reject invalid saved references (0.267875ms)
✔ fixture descriptors cannot open arbitrary URLs or unknown fixture revisions (0.257084ms)
ℹ tests 65
ℹ suites 0
ℹ pass 65
ℹ fail 0
ℹ cancelled 0
ℹ skipped 0
ℹ todo 0
ℹ duration_ms 571.796334
