$ pnpm --filter @f01/web test
$ node --conditions=react-server --test tests/config.test.mjs tests/planning.test.mjs tests/projects.test.mjs tests/workspace.test.mjs tests/simulation.test.mjs tests/auth.test.mjs tests/real-build.test.mjs tests/releases.test.mjs tests/theme.test.mjs
✔ production OIDC gateway never accepts claimed browser identity or forwards it (59.524042ms)
✔ context planning gateway accepts only frozen JSON intent and fixed routes (2.970875ms)
✔ missing or expired session returns no data and never falls back to development owner (0.602583ms)
✔ sign-in/callback use secure HttpOnly bound cookies and return no provider token (3.880292ms)
✔ sign-out requires same-origin POST and revokes the server session before clearing cookies (0.645667ms)
✔ Google and email pass only the selected provider method and signup intent, retaining a safe return route (0.947416ms)
✔ auth handoff rejects arbitrary methods, duplicate fields, oversized forms and insecure provider redirects (2.289459ms)
✔ callback failures are actionable and never reflect provider error text or establish session cookies (3.219166ms)
✔ failed logout retains the session; a confirmed expired session is safely cleared (1.446625ms)
✔ account profile writes use verified session/CSRF and reject identity or email mutation (6.258416ms)
✔ session recovery destinations never accept external URLs, encoded traversal or unknown routes (0.291792ms)
✔ development identity cannot run in production (4.18425ms)
✔ known execution modes do not grant backend execution capabilities (2.093833ms)
✔ root configuration loads only selected web settings and preserves process overrides (1.568833ms)
✔ the proxy forwards only the trimmed idea and server credential to the fixed endpoint (28.426875ms)
✔ rejects cross-origin, missing-origin, and forged-host requests without calling the backend (4.767333ms)
✔ allows localhost on the configured loopback port (1.136875ms)
✔ binds the origin to the HTTP Host when Next normalizes the internal URL (1.910084ms)
✔ invalid configuration fails safely before a backend call (5.186166ms)
✔ validates content type, bounded bodies, JSON and strict idea input before network access (8.83125ms)
✔ sanitizes AUTHENTICATION_REQUIRED without relaying upstream messages (2.5045ms)
✔ sanitizes PROVIDER_NOT_CONFIGURED without relaying upstream messages (0.400083ms)
✔ sanitizes PROVIDER_AUTHENTICATION_FAILED without relaying upstream messages (0.254792ms)
✔ sanitizes PROVIDER_QUOTA_EXCEEDED without relaying upstream messages (0.240958ms)
✔ sanitizes PROVIDER_RATE_LIMITED without relaying upstream messages (0.232583ms)
✔ sanitizes PROVIDER_TIMEOUT without relaying upstream messages (0.216541ms)
✔ sanitizes PROVIDER_UNAVAILABLE without relaying upstream messages (0.228167ms)
✔ sanitizes PROVIDER_REFUSED without relaying upstream messages (0.210459ms)
✔ sanitizes PROVIDER_INCOMPLETE_RESPONSE without relaying upstream messages (0.174042ms)
✔ sanitizes PROVIDER_ERROR without relaying upstream messages (0.186584ms)
✔ sanitizes INTERNAL_ERROR without relaying upstream messages (0.193209ms)
✔ sanitizes VALIDATION_ERROR without relaying upstream messages (0.180417ms)
✔ unknown upstream failures and thrown exceptions use static messages (0.404958ms)
✔ invalid, oversized and credential-bearing successful responses cannot reach the browser (3.745542ms)
✔ browser cancellation reaches the upstream signal with no retry (3.991167ms)
✔ generated client gateway forwards trimmed creation, stable key and private identity only (31.09025ms)
✔ creation accepts the real saved-project contract and rejects unsafe navigation (2.867084ms)
✔ list forwards validated search, lifecycle, archive and pagination (1.784083ms)
✔ metadata gateway preserves If-Match and ETag without exposing private headers (1.284791ms)
✔ write gateway rejects cross-site, unknown fields, invalid keys and invalid metadata without backend access (5.962791ms)
✔ gateway sanitizes domain conflicts, unknown failures and transport uncertainty (2.642833ms)
✔ creation validation and unresolved-command receipt respect the recovery window boundary (0.185416ms)
✔ creation gateway preserves the account assertion and rejects malformed binding (0.524292ms)
✔ browser harness teardown completes when a child ignores graceful shutdown (144.551791ms)
✔ unsent creation drafts survive authentication without crossing account ownership (0.41525ms)
✔ an exited test child releases inherited pipes without waiting for descendants (132.007875ms)
✔ real build gateway uses generated client and private identity (43.837917ms)
✔ real build gateway rejects model commands, non-JSON bodies and foreign origins (3.76625ms)
✔ uncertain real build retains exact idempotency key across replay (2.65175ms)
✔ trace accepts real provenance and preserves simulation labels (0.138542ms)
✔ browser JSON build reaches the strict gateway without weakening input validation (1.166709ms)
✔ build receipts remain project-scoped and expired or legacy receipts cannot dispatch (0.172959ms)
✔ unavailable browser storage never turns a confirmed command into a failed command (0.116542ms)
✔ real preview URLs fail closed on invalid expiry, cookie host and capability paths (1.796166ms)
✔ accepted queued command gives immediate activity without completed build checks (0.590083ms)
✔ generation pending and saved source advance only observed stages (3.170583ms)
✔ building, verifying, preparing and Ready require candidate checks and atomic publication (0.340875ms)
✔ repair preserves old immutable evidence but resets checks for the new candidate (0.118875ms)
✔ prior candidate and foreign trace events never complete a new attempt (0.16775ms)
✔ quiet stage with a recent heartbeat waits visibly; stale worker and lost connection stop animation (0.139ms)
✔ failed, canceled and cancellation requested remain explicit and never reach Ready (0.257625ms)
✔ journey uses Describe Plan Build Preview Deploy Live without treating navigation as evidence (0.392875ms)
✔ update journey preserves last confirmed Live while rebuild fails or preview is ahead (0.211709ms)
✔ only the confirmed current release reaches Live; expired preview and session are blocked (0.116417ms)
✔ demonstration and foreign release records cannot masquerade as Live (0.115209ms)
✔ newer repair trace invalidates completed checks before the detail poll catches up (0.204125ms)
✔ a newer generated candidate cannot inherit prior checks during read/stream races (0.293042ms)
✔ new-candidate check events cannot inherit old checks while the detail read is stale (0.216709ms)
✔ saved generated events advance a stale generation-pending read without inventing checks (0.164958ms)
✔ context resolution does not claim the generation request has started (0.145958ms)
✔ missing detail preserves blocked connectivity and newer terminal state (0.206584ms)
✔ approved plans with unavailable runtime show a blocked Build and a recovery action (0.248666ms)
✔ publishing preparation, reconciliation, failures and cancellation retain observed states (0.336334ms)
✔ a failed replacement release keeps its own attention journey beside last confirmed Live (0.220209ms)
✔ worker recovery invalidates old checks before the detail poll catches up (0.182208ms)
✔ confirmed cancellation stays visible until a stale running snapshot catches up (0.161375ms)
✔ an accepted new build is visible ahead of an older snapshot and later reads advance it (0.107917ms)
✔ workspace activity never keeps animating a confirmed terminal build or a waiting observation (0.336417ms)
✔ saved build reads remain authoritative when only the event connection is interrupted (0.138375ms)
✔ release gateway freezes package/config/source/production and keeps credentials server-only (47.28475ms)
✔ release gateway rejects external destinations, source code, stale-body shape and foreign origins before dispatch (3.233709ms)
✔ release receipt recovery preserves exact intent and rejects cross-project, expired and malformed state (0.324083ms)
✔ production links allow only observed HTTPS Vercel application origins (0.138125ms)
✔ sequence gaps hold later events until ordered recovery; duplicates are ignored (7.903084ms)
✔ out-of-order batches recover in project sequence and issue repairs stay run scoped (0.161125ms)
✔ transport validation rejects foreign, unsafe or invalid records; reconnect is bounded (0.248042ms)
✔ unresolved run receipts preserve exact start/retry/cancel context across reload (0.201834ms)
✔ run commands use generated fixed routes, private identity and separate stable keys (36.735709ms)
✔ run gateway rejects fixture flags, cross-origin commands, methods and invalid frozen input (1.19475ms)
✔ SSE gateway preserves header precedence and forwards unbuffered bytes with abort propagation (2.079542ms)
✔ new users default to light even on a dark system; stored preferences apply synchronously (2.259ms)
✔ only System follows OS changes; explicit selection persists and supports cross-tab updates (0.442875ms)
✔ blocked storage still supports in-page dark/system preferences without an exception (0.35525ms)
✔ conversational draft handoff is project/owner bound and retains its exact review context (0.699ms)
✔ login recovery retains the recognized change handoff without allowing arbitrary return queries (0.342042ms)
✔ streamed appearance controls match the stored preference before hydration (8.249709ms)
✔ change gateway preserves frozen context and idempotency, keeps identity private (13.887417ms)
✔ workspace gateway rejects foreign writes, invalid bases, execution fields and methods before transport (1.718167ms)
✔ typed read routes forward revision, event sequence and pagination only (1.434625ms)
✔ stale and unsupported-schema conflicts survive sanitized gateway errors (0.826875ms)
✔ change receipts preserve exact command and reject invalid saved references (0.262792ms)
✔ fixture descriptors cannot open arbitrary URLs or unknown fixture revisions (0.265417ms)
ℹ tests 102
ℹ suites 0
ℹ pass 102
ℹ fail 0
ℹ cancelled 0
ℹ skipped 0
ℹ todo 0
ℹ duration_ms 526.474875
