sssssNo new upgrade operations detected.
................................................................... [ 19%]
.....................................No new upgrade operations detected.
................................... [ 38%]
........................................................................ [ 57%]
........................................................................ [ 77%]
........................................................................ [ 96%]
.............                                                            [100%]
=============================== warnings summary ===============================
.venv/lib/python3.12/site-packages/fastapi/testclient.py:1
  /Users/nguyentienthanh/Downloads/F01-local/apps/api/.venv/lib/python3.12/site-packages/fastapi/testclient.py:1: StarletteDeprecationWarning: Using `httpx` with `starlette.testclient` is deprecated; install `httpx2` instead.
    from starlette.testclient import TestClient as TestClient  # noqa

tests/persistence/test_projects.py::test_concurrent_metadata_updates_do_not_lose_writes
  /Users/nguyentienthanh/Downloads/F01-local/apps/api/.venv/lib/python3.12/site-packages/pydantic/_internal/_generate_schema.py:2274: UnsupportedFieldAttributeWarning: The 'alias' attribute with value 'cursor' was provided to the `Field()` function, which has no effect in the context it was used. 'alias' is field-specific metadata, and can only be attached to a model field using `Annotated` metadata or by assignment. This may have happened because an `Annotated` type alias using the `type` statement was used, or if the `Field()` function was attached to a single member of a union type.
    warnings.warn(

-- Docs: https://docs.pytest.org/en/stable/how-to/capture-warnings.html
=========================== short test summary info ============================
SKIPPED [2] tests/docker/test_acceptance.py: Real Docker acceptance requires F01_DOCKER_ACCEPTANCE=1 and a provisioned image/socket.
SKIPPED [1] tests/docker/test_production.py: Real Docker acceptance requires F01_DOCKER_ACCEPTANCE=1 and a provisioned image/socket.
SKIPPED [1] tests/live/test_model_acceptance.py: Disposable live provider acceptance is explicit opt-in.
SKIPPED [1] tests/live/test_vercel_acceptance.py: Disposable live provider acceptance is explicit opt-in.
368 passed, 5 skipped, 2 warnings in 30.14s
