$ pnpm --filter @f01/web test
$ node --conditions=react-server --test tests/config.test.mjs tests/planning.test.mjs tests/projects.test.mjs tests/workspace.test.mjs tests/simulation.test.mjs tests/auth.test.mjs tests/real-build.test.mjs tests/releases.test.mjs tests/theme.test.mjs
✔ production OIDC gateway never accepts claimed browser identity or forwards it (36.338125ms)
✔ context planning gateway accepts only frozen JSON intent and fixed routes (6.641708ms)
✔ missing or expired session returns no data and never falls back to development owner (0.3895ms)
✔ sign-in/callback use secure HttpOnly bound cookies and return no provider token (3.512917ms)
✔ sign-out requires same-origin POST and revokes the server session before clearing cookies (2.271958ms)
✔ Google and email pass only the selected provider method and signup intent, retaining a safe return route (0.968541ms)
✔ auth handoff rejects arbitrary methods, duplicate fields, oversized forms and insecure provider redirects (1.544875ms)
✔ callback failures are actionable and never reflect provider error text or establish session cookies (0.452041ms)
✔ failed logout retains the session; a confirmed expired session is safely cleared (0.229209ms)
✔ account profile writes use verified session/CSRF and reject identity or email mutation (6.644209ms)
✔ session recovery destinations never accept external URLs, encoded traversal or unknown routes (0.56425ms)
✔ development identity cannot run in production (1.643625ms)
✔ known execution modes do not grant backend execution capabilities (0.687541ms)
✔ root configuration loads only selected web settings and preserves process overrides (1.295334ms)
✔ the proxy forwards only the trimmed idea and server credential to the fixed endpoint (40.646208ms)
✔ rejects cross-origin, missing-origin, and forged-host requests without calling the backend (7.4105ms)
✔ allows localhost on the configured loopback port (0.417708ms)
✔ binds the origin to the HTTP Host when Next normalizes the internal URL (0.962542ms)
✔ invalid configuration fails safely before a backend call (2.217583ms)
✔ validates content type, bounded bodies, JSON and strict idea input before network access (11.698583ms)
✔ sanitizes AUTHENTICATION_REQUIRED without relaying upstream messages (1.140834ms)
✔ sanitizes PROVIDER_NOT_CONFIGURED without relaying upstream messages (0.364541ms)
✔ sanitizes PROVIDER_AUTHENTICATION_FAILED without relaying upstream messages (0.236833ms)
✔ sanitizes PROVIDER_QUOTA_EXCEEDED without relaying upstream messages (0.242ms)
✔ sanitizes PROVIDER_RATE_LIMITED without relaying upstream messages (0.219584ms)
✔ sanitizes PROVIDER_TIMEOUT without relaying upstream messages (0.181458ms)
✔ sanitizes PROVIDER_UNAVAILABLE without relaying upstream messages (0.203334ms)
✔ sanitizes PROVIDER_REFUSED without relaying upstream messages (0.161459ms)
✔ sanitizes PROVIDER_INCOMPLETE_RESPONSE without relaying upstream messages (0.181584ms)
✔ sanitizes PROVIDER_ERROR without relaying upstream messages (0.193042ms)
✔ sanitizes INTERNAL_ERROR without relaying upstream messages (0.176ms)
✔ sanitizes VALIDATION_ERROR without relaying upstream messages (0.155417ms)
✔ unknown upstream failures and thrown exceptions use static messages (0.399875ms)
✔ invalid, oversized and credential-bearing successful responses cannot reach the browser (4.641ms)
✔ browser cancellation reaches the upstream signal with no retry (5.128583ms)
✔ generated client gateway forwards trimmed creation, stable key and private identity only (31.901792ms)
✔ creation accepts the real saved-project contract and rejects unsafe navigation (0.191333ms)
✔ list forwards validated search, lifecycle, archive and pagination (0.595291ms)
✔ metadata gateway preserves If-Match and ETag without exposing private headers (0.79775ms)
✔ write gateway rejects cross-site, unknown fields, invalid keys and invalid metadata without backend access (1.43675ms)
✔ gateway sanitizes domain conflicts, unknown failures and transport uncertainty (1.341209ms)
✔ creation validation and unresolved-command receipt respect the recovery window boundary (0.161583ms)
✔ creation gateway preserves the account assertion and rejects malformed binding (0.56625ms)
✔ browser harness teardown completes when a child ignores graceful shutdown (141.715833ms)
✔ unsent creation drafts survive authentication without crossing account ownership (0.47225ms)
✔ an exited test child releases inherited pipes without waiting for descendants (133.534375ms)
✔ real build gateway uses generated client and private identity (36.528375ms)
✔ real build gateway rejects model commands, non-JSON bodies and foreign origins (2.1345ms)
✔ uncertain real build retains exact idempotency key across replay (0.785917ms)
✔ trace accepts real provenance and preserves simulation labels (0.11925ms)
✔ browser JSON build reaches the strict gateway without weakening input validation (0.843916ms)
✔ build receipts remain project-scoped and expired or legacy receipts cannot dispatch (0.128792ms)
✔ unavailable browser storage never turns a confirmed command into a failed command (0.100333ms)
✔ real preview URLs fail closed on invalid expiry, cookie host and capability paths (3.058625ms)
✔ accepted queued command gives immediate activity without completed build checks (0.501292ms)
✔ generation pending and saved source advance only observed stages (1.164583ms)
✔ building, verifying, preparing and Ready require candidate checks and atomic publication (0.375375ms)
✔ repair preserves old immutable evidence but resets checks for the new candidate (0.112083ms)
✔ prior candidate and foreign trace events never complete a new attempt (0.16475ms)
✔ quiet stage with a recent heartbeat waits visibly; stale worker and lost connection stop animation (0.124834ms)
✔ failed, canceled and cancellation requested remain explicit and never reach Ready (0.288792ms)
✔ journey uses Describe Plan Build Preview Deploy Live without treating navigation as evidence (0.398833ms)
✔ update journey preserves last confirmed Live while rebuild fails or preview is ahead (0.216333ms)
✔ only the confirmed current release reaches Live; expired preview and session are blocked (0.119084ms)
✔ demonstration and foreign release records cannot masquerade as Live (0.165041ms)
✔ newer repair trace invalidates completed checks before the detail poll catches up (0.133334ms)
✔ a newer generated candidate cannot inherit prior checks during read/stream races (0.081667ms)
✔ new-candidate check events cannot inherit old checks while the detail read is stale (0.208792ms)
✔ saved generated events advance a stale generation-pending read without inventing checks (0.058417ms)
✔ context resolution does not claim the generation request has started (0.047833ms)
✔ missing detail preserves blocked connectivity and newer terminal state (0.097ms)
✔ approved plans with unavailable runtime show a blocked Build and a recovery action (0.065ms)
✔ publishing preparation, reconciliation, failures and cancellation retain observed states (0.127208ms)
✔ a failed replacement release keeps its own attention journey beside last confirmed Live (0.086042ms)
✔ worker recovery invalidates old checks before the detail poll catches up (0.072417ms)
✔ confirmed cancellation stays visible until a stale running snapshot catches up (0.065125ms)
✔ an accepted new build is visible ahead of an older snapshot and later reads advance it (0.040792ms)
✔ workspace activity never keeps animating a confirmed terminal build or a waiting observation (0.120833ms)
✔ saved build reads remain authoritative when only the event connection is interrupted (0.052291ms)
✔ release gateway freezes package/config/source/production and keeps credentials server-only (27.386542ms)
✔ release gateway rejects external destinations, source code, stale-body shape and foreign origins before dispatch (1.528167ms)
✔ release receipt recovery preserves exact intent and rejects cross-project, expired and malformed state (0.250166ms)
✔ production links allow only observed HTTPS Vercel application origins (0.1375ms)
✔ sequence gaps hold later events until ordered recovery; duplicates are ignored (13.427792ms)
✔ out-of-order batches recover in project sequence and issue repairs stay run scoped (0.162958ms)
✔ transport validation rejects foreign, unsafe or invalid records; reconnect is bounded (0.232458ms)
✔ unresolved run receipts preserve exact start/retry/cancel context across reload (0.186417ms)
✔ run commands use generated fixed routes, private identity and separate stable keys (39.0605ms)
✔ run gateway rejects fixture flags, cross-origin commands, methods and invalid frozen input (7.339625ms)
✔ SSE gateway preserves header precedence and forwards unbuffered bytes with abort propagation (1.070167ms)
✔ new users default to light even on a dark system; stored preferences apply synchronously (2.061125ms)
✔ only System follows OS changes; explicit selection persists and supports cross-tab updates (0.412167ms)
✔ blocked storage still supports in-page dark/system preferences without an exception (0.342958ms)
✔ conversational draft handoff is project/owner bound and retains its exact review context (0.563292ms)
✔ login recovery retains the recognized change handoff without allowing arbitrary return queries (0.92175ms)
✔ streamed appearance controls match the stored preference before hydration (0.360833ms)
✔ change gateway preserves frozen context and idempotency, keeps identity private (18.52925ms)
✔ workspace gateway rejects foreign writes, invalid bases, execution fields and methods before transport (1.404833ms)
✔ typed read routes forward revision, event sequence and pagination only (1.346ms)
✔ stale and unsupported-schema conflicts survive sanitized gateway errors (0.894708ms)
✔ change receipts preserve exact command and reject invalid saved references (0.334709ms)
✔ fixture descriptors cannot open arbitrary URLs or unknown fixture revisions (0.314875ms)
ℹ tests 102
ℹ suites 0
ℹ pass 102
ℹ fail 0
ℹ cancelled 0
ℹ skipped 0
ℹ todo 0
ℹ duration_ms 516.670458
