$ pnpm --filter @f01/web build
$ next build --webpack
▲ Next.js 16.3.8 (webpack)
✓ Running next.config.mjs took 55ms

  Creating an optimized production build ...
✓ Compiled successfully in 2.3s
  Running TypeScript ...
  Finished TypeScript in 938ms ...
  Collecting page data using 7 workers ...
  Generating static pages using 7 workers (0/8) ...
  Generating static pages using 7 workers (2/8) 
  Generating static pages using 7 workers (4/8) 
  Generating static pages using 7 workers (6/8) 
✓ Generating static pages using 7 workers (8/8) in 286ms
  Finalizing page optimization ...
  Collecting build traces ...

Route (app)
┌ ○ /
├ ○ /_not-found
├ ○ /account
├ ƒ /api/auth/callback
├ ƒ /api/auth/sign-in
├ ƒ /api/auth/sign-out
├ ƒ /api/v1/account
├ ƒ /api/v1/plan
├ ƒ /api/v1/planning/usage
├ ƒ /api/v1/projects
├ ƒ /api/v1/projects/[projectId]
├ ƒ /api/v1/projects/[projectId]/brain
├ ƒ /api/v1/projects/[projectId]/brain/revisions
├ ƒ /api/v1/projects/[projectId]/builds
├ ƒ /api/v1/projects/[projectId]/builds/[...segments]
├ ƒ /api/v1/projects/[projectId]/deployments
├ ƒ /api/v1/projects/[projectId]/events
├ ƒ /api/v1/projects/[projectId]/events/stream
├ ƒ /api/v1/projects/[projectId]/planning/[...segments]
├ ƒ /api/v1/projects/[projectId]/release-artifacts
├ ƒ /api/v1/projects/[projectId]/release-artifacts/[...segments]
├ ƒ /api/v1/projects/[projectId]/release-target
├ ƒ /api/v1/projects/[projectId]/releases
├ ƒ /api/v1/projects/[projectId]/releases/[...segments]
├ ƒ /api/v1/projects/[projectId]/requests
├ ƒ /api/v1/projects/[projectId]/runs
├ ƒ /api/v1/projects/[projectId]/runs/[runId]
├ ƒ /api/v1/projects/[projectId]/runs/[runId]/cancel
├ ƒ /api/v1/projects/[projectId]/runs/[runId]/retry
├ ƒ /api/v1/projects/[projectId]/versions
├ ƒ /api/v1/projects/[projectId]/versions/[versionId]
├ ƒ /api/v1/projects/[projectId]/versions/[versionId]/source
├ ƒ /api/v1/projects/[projectId]/workspace
├ ƒ /api/v1/session
├ ƒ /demo-preview/[fixtureId]
├ ƒ /demo-preview/assets/[asset]
├ ○ /development/design-system
├ ƒ /development/previews
├ ƒ /projects
├ ƒ /projects/[projectId]
├ ƒ /projects/[projectId]/activity
├ ƒ /projects/[projectId]/brain
├ ƒ /projects/[projectId]/brief
├ ƒ /projects/[projectId]/planning
├ ƒ /projects/[projectId]/settings
├ ƒ /projects/[projectId]/versions
├ ƒ /projects/new
├ ƒ /sign-in
└ ƒ /sign-up


○  (Static)   prerendered as static content
ƒ  (Dynamic)  server-rendered on demand

