INFO  [alembic.runtime.migration] Context impl PostgresqlImpl.
INFO  [alembic.runtime.migration] Will assume transactional DDL.
INFO  [alembic.runtime.migration] Running upgrade  -> 0001_phase1, Phase 1 domain. Frozen DDL; never import evolving ORM metadata here.
INFO  [alembic.runtime.migration] Running upgrade 0001_phase1 -> 0002_phase2a, Phase 2A identity, sessions and planning. Frozen additive DDL.
INFO  [alembic.runtime.migration] Running upgrade 0002_phase2a -> 0003_phase2b, Frozen additive Phase 2B execution persistence.
INFO  [alembic.runtime.migration] Running upgrade 0003_phase2b -> 0004_phase2c, Frozen additive production release records; preserve all Phase 2B history.
INFO  [alembic.runtime.migration] Running upgrade 0004_phase2c -> 0005_release_target, Add explicit, durable production target provisioning.
INFO  [alembic.runtime.migration] Running upgrade 0005_release_target -> 0006_release_hardening, Retain immutable successful and failed production preparation evidence.
$ node --test tests/simulation.e2e.test.mjs
▶ M5 real PostgreSQL/API simulation journey, replay, fallback and workspace checks
  ✔ create → simulated success → change → failed update → replay-safe retry → success (14313.639167ms)
  ✔ historical version, Brain and run inspection preserve current pointers (1296.918709ms)
  ✔ recoverable fixture issue and repair remain linked in the Trace and Brain (7391.787917ms)
  ✔ sequence gap and duplicate SSE delivery recover before later events apply (5178.506458ms)
  ✔ polling fallback progresses when EventSource is unavailable (6728.404875ms)
  ✔ terminated streams poll and reconnect with a recovered sequence cursor (5076.703708ms)
  ✔ active cancellation and stale draft review retain immutable original input (4924.154167ms)
  ✔ responsive Trace, run details and preview isolation at four widths (3422.925709ms)
✔ M5 real PostgreSQL/API simulation journey, replay, fallback and workspace checks (49767.663333ms)
ℹ tests 9
ℹ suites 0
ℹ pass 9
ℹ fail 0
ℹ cancelled 0
ℹ skipped 0
ℹ todo 0
ℹ duration_ms 49831.753084
