INFO  [alembic.runtime.migration] Context impl PostgresqlImpl.
INFO  [alembic.runtime.migration] Will assume transactional DDL.
INFO  [alembic.runtime.migration] Running upgrade  -> 0001_phase1, Phase 1 domain. Frozen DDL; never import evolving ORM metadata here.
INFO  [alembic.runtime.migration] Running upgrade 0001_phase1 -> 0002_phase2a, Phase 2A identity, sessions and planning. Frozen additive DDL.
INFO  [alembic.runtime.migration] Running upgrade 0002_phase2a -> 0003_phase2b, Frozen additive Phase 2B execution persistence.
INFO  [alembic.runtime.migration] Running upgrade 0003_phase2b -> 0004_phase2c, Frozen additive production release records; preserve all Phase 2B history.
INFO  [alembic.runtime.migration] Running upgrade 0004_phase2c -> 0005_release_target, Add explicit, durable production target provisioning.
INFO  [alembic.runtime.migration] Running upgrade 0005_release_target -> 0006_release_hardening, Retain immutable successful and failed production preparation evidence.
$ node --test tests/workspace.e2e.test.mjs
▶ M4 persisted workspace, immutable Brain, changes and isolated preview foundation
  ✔ persisted preview-first navigation and queued state (791.001167ms)
  ✔ structured Brain, provenance and original brief render as plain text (157.873833ms)
  ✔ real request saving recovers a lost response with the same frozen command (1794.19625ms)
  ✔ stale Brain conflict preserves text and requires current context review (1562.691125ms)
  ✔ available fixture version inspection and stale nullable base version (3143.531292ms)
  ✔ preview assets load and interactions work under opaque-origin isolation (241.066042ms)
  ✔ responsive surfaces, mobile drawer focus and stable draft state (13214.818292ms)
  ✔ missing projects, unsupported Brain schema and unavailable-service retry are safe (1829.899584ms)
✔ M4 persisted workspace, immutable Brain, changes and isolated preview foundation (25171.773041ms)
ℹ tests 9
ℹ suites 0
ℹ pass 9
ℹ fail 0
ℹ cancelled 0
ℹ skipped 0
ℹ todo 0
ℹ duration_ms 25581.916791
